
com.personal.cameraalarm.AlarmStopInstrumentedTest:
Error in secondStartCannotReplaceStopActionForActiveAlarm(com.personal.cameraalarm.AlarmStopInstrumentedTest):
kotlinx.coroutines.TimeoutCancellationException: Timed out waiting for 10000 ms
	at kotlinx.coroutines.TimeoutKt.TimeoutCancellationException(Timeout.kt:188)
	at kotlinx.coroutines.TimeoutCoroutine.run(Timeout.kt:156)
	at kotlinx.coroutines.EventLoopImplBase$DelayedRunnableTask.run(EventLoop.common.kt:505)
	at kotlinx.coroutines.EventLoopImplBase.processNextEvent(EventLoop.common.kt:263)
	at kotlinx.coroutines.DefaultExecutor.run(DefaultExecutor.kt:105)
	at java.lang.Thread.run(Thread.java:920)


Time: 13.358
There was 1 failure:
1) secondStartCannotReplaceStopActionForActiveAlarm(com.personal.cameraalarm.AlarmStopInstrumentedTest)
kotlinx.coroutines.TimeoutCancellationException: Timed out waiting for 10000 ms
	at kotlinx.coroutines.TimeoutKt.TimeoutCancellationException(Timeout.kt:188)
	at kotlinx.coroutines.TimeoutCoroutine.run(Timeout.kt:156)
	at kotlinx.coroutines.EventLoopImplBase$DelayedRunnableTask.run(EventLoop.common.kt:505)
	at kotlinx.coroutines.EventLoopImplBase.processNextEvent(EventLoop.common.kt:263)
	at kotlinx.coroutines.DefaultExecutor.run(DefaultExecutor.kt:105)
	at java.lang.Thread.run(Thread.java:920)

FAILURES!!!
Tests run: 1,  Failures: 1


