--------- beginning of main
09-22 15:00:15.981  3216  3737 I TestRunner: run started: 28 tests
09-22 15:00:15.988  3216  3737 I TestRunner: started: tokenPendingIntentCanBeFoundAndCancelledWithoutCancellingAnotherToken(com.personal.cameraalarm.AlarmSchedulerInstrumentedTest)
09-22 15:00:16.135  3216  3737 I CameraAlarm: OS_ALARM_REGISTERED token=instrumented-test epoch_ms=1790064016135 elapsed_ms=103969 session=ab4f9adb-0581-488a-86a8-8b1d82150496 deadline_ms=null delay_ms=null overdue_ms=null deadline_ms=1790064076072 mode=alarm_clock
09-22 15:00:16.139  3216  3737 I TestRunner: finished: tokenPendingIntentCanBeFoundAndCancelledWithoutCancellingAnotherToken(com.personal.cameraalarm.AlarmSchedulerInstrumentedTest)
09-22 15:00:16.153  3216  3737 I TestRunner: started: secondStartCannotReplaceStopActionForActiveAlarm(com.personal.cameraalarm.AlarmStopInstrumentedTest)
09-22 15:00:17.137  3216  3737 I StopProbe: START_FIRST elapsed=104971
09-22 15:00:17.397  3216  3216 I CameraAlarm: FOREGROUND_SERVICE_STARTED: token=test-first
09-22 15:00:18.190  3216  3216 I CameraAlarm: FOREGROUND_SERVICE_STARTED token=test-first epoch_ms=1790064018189 elapsed_ms=106023 session=ab4f9adb-0581-488a-86a8-8b1d82150496 deadline_ms=null delay_ms=null overdue_ms=null 
09-22 15:00:18.712  3216  3216 I CameraAlarm: ALARM_TIMING foreground_ms=1503 token=test-first
09-22 15:00:20.608  3216  3216 I CameraAlarm: AUDIO_STARTED: key=alarm_warning_aloud resId=2131296260
09-22 15:00:20.609  3216  3216 D CameraAlarm: Alarm sound:
09-22 15:00:20.609  3216  3216 D CameraAlarm: selected key: alarm_warning_aloud
09-22 15:00:20.609  3216  3216 D CameraAlarm: resolved resource: 2131296260
09-22 15:00:20.609  3216  3216 D CameraAlarm: prepare result: success
09-22 15:00:20.609  3216  3216 D CameraAlarm: play result: success
09-22 15:00:20.611  3216  3216 I CameraAlarm: AUDIO_STARTED: token=test-first
09-22 15:00:20.688  3216  3216 I CameraAlarm: AUDIO_STARTED token=test-first epoch_ms=1790064020688 elapsed_ms=108522 session=ab4f9adb-0581-488a-86a8-8b1d82150496 deadline_ms=null delay_ms=null overdue_ms=null 
09-22 15:00:20.689  3216  3216 I CameraAlarm: ALARM_TIMING runtime_started_ms=3480 token=test-first
09-22 15:00:22.675  3216  3216 I CameraAlarm: ALARMACTIVITY_CREATED: token=test-first
09-22 15:00:24.102  3216  3737 I StopProbe: ACTIVITY_RESUMED elapsed=111936
09-22 15:00:28.737  3216  3737 I StopProbe: MAIN_IDLE elapsed=116571
09-22 15:00:28.751  3216  3737 I StopProbe: SEND_STOP elapsed=116585
09-22 15:00:28.977  3216  3737 I StopProbe: SENT_STOP elapsed=116811
09-22 15:00:29.346  3216  3216 I CameraAlarm: STOP_RECEIVER_FIRED: token=test-first
09-22 15:00:29.573  3216  3216 D CameraAlarm: runtime stopped token=test-first
09-22 15:00:30.039  3216  3737 I TestRunner: finished: secondStartCannotReplaceStopActionForActiveAlarm(com.personal.cameraalarm.AlarmStopInstrumentedTest)
09-22 15:00:30.084  3216  3216 D CameraAlarm: runtime stopped token=test-first
09-22 15:00:32.036  3216  3737 I TestRunner: started: realDataStoreInvalidatesAllPreviousBootStatesAndKeepsCurrentBootPending(com.personal.cameraalarm.BootStateStoreInstrumentedTest)
09-22 15:00:32.531  3216  3737 I TestRunner: finished: realDataStoreInvalidatesAllPreviousBootStatesAndKeepsCurrentBootPending(com.personal.cameraalarm.BootStateStoreInstrumentedTest)
09-22 15:00:32.547  3216  3737 I TestRunner: started: currentSnapshotTransactionCannotEraseNewBootWrite(com.personal.cameraalarm.BootStateStoreInstrumentedTest)
09-22 15:00:36.192  3216  3737 I TestRunner: finished: currentSnapshotTransactionCannotEraseNewBootWrite(com.personal.cameraalarm.BootStateStoreInstrumentedTest)
09-22 15:00:36.198  3216  3737 I TestRunner: started: triggerRuleDaoCrud(com.personal.cameraalarm.DatabaseInstrumentedTest)
09-22 15:00:36.449  3216  3737 I TestRunner: finished: triggerRuleDaoCrud(com.personal.cameraalarm.DatabaseInstrumentedTest)
09-22 15:00:36.458  3216  3737 I TestRunner: started: alertEventDaoPrunesByMaximumCountAndKeepsPaginationStable(com.personal.cameraalarm.DatabaseInstrumentedTest)
09-22 15:00:37.483  3216  3737 I TestRunner: finished: alertEventDaoPrunesByMaximumCountAndKeepsPaginationStable(com.personal.cameraalarm.DatabaseInstrumentedTest)
09-22 15:00:37.537  3216  3737 I TestRunner: started: alertEventDaoCapsSuppressedEventsWithoutRemovingTriggeredEvents(com.personal.cameraalarm.DatabaseInstrumentedTest)
09-22 15:00:37.807  3216  3737 I TestRunner: finished: alertEventDaoCapsSuppressedEventsWithoutRemovingTriggeredEvents(com.personal.cameraalarm.DatabaseInstrumentedTest)
09-22 15:00:37.816  3216  3737 I TestRunner: started: alertEventDaoPrunesEventsOutsideRetentionWindow(com.personal.cameraalarm.DatabaseInstrumentedTest)
09-22 15:00:37.929  3216  3737 I TestRunner: finished: alertEventDaoPrunesEventsOutsideRetentionWindow(com.personal.cameraalarm.DatabaseInstrumentedTest)
09-22 15:00:37.933  3216  3737 I TestRunner: started: ruleSettingsAndOemGuidanceResolveInEnglishAndVietnamese(com.personal.cameraalarm.LocalizationInstrumentedTest)
09-22 15:00:37.997  3216  3737 I TestRunner: finished: ruleSettingsAndOemGuidanceResolveInEnglishAndVietnamese(com.personal.cameraalarm.LocalizationInstrumentedTest)
09-22 15:00:38.003  3216  3737 I TestRunner: started: bootReceiverIsNotExportedToThirdPartyApps(com.personal.cameraalarm.ManifestSecurityInstrumentedTest)
09-22 15:00:38.010  3216  3737 I TestRunner: finished: bootReceiverIsNotExportedToThirdPartyApps(com.personal.cameraalarm.ManifestSecurityInstrumentedTest)
09-22 15:00:38.021  3216  3737 I TestRunner: started: lostOsDeliveryRetriesAutonomouslyAndLateCallbackCannotClaimReplacement(com.personal.cameraalarm.PendingDeliveryInstrumentedTest)
09-22 15:00:38.366  3216  3737 I CameraAlarm: ALARM_PENDING_CREATED token=lost-delivery-125901712400 epoch_ms=1790064038366 elapsed_ms=126200 session=ab4f9adb-0581-488a-86a8-8b1d82150496 deadline_ms=1790064039136 delay_ms=1000 overdue_ms=0 attempt=0
09-22 15:00:38.381  3216  3737 I CameraAlarm: OS_ALARM_REGISTERED token=lost-delivery-125901712400 epoch_ms=1790064038381 elapsed_ms=126215 session=ab4f9adb-0581-488a-86a8-8b1d82150496 deadline_ms=null delay_ms=null overdue_ms=null deadline_ms=1790064039136 mode=alarm_clock
09-22 15:00:38.384  3216  3737 I CameraAlarm: EXACT_ALARM_SCHEDULED token=lost-delivery-125901712400 epoch_ms=1790064038383 elapsed_ms=126217 session=ab4f9adb-0581-488a-86a8-8b1d82150496 deadline_ms=1790064039136 delay_ms=1000 overdue_ms=0 attempt=0
09-22 15:00:49.235  3216  3779 I CameraAlarm: PENDING_RETIRED token=lost-delivery-125901712400 epoch_ms=1790064049235 elapsed_ms=137069 session=ab4f9adb-0581-488a-86a8-8b1d82150496 deadline_ms=1790064039136 delay_ms=1000 overdue_ms=10099 Pending overdue; attempt=0
09-22 15:00:49.244  3216  3779 I CameraAlarm: PENDING_RECOVERY token=1d432a8f-b1d4-455a-af26-66aa4684ba1b epoch_ms=1790064049244 elapsed_ms=137077 session=ab4f9adb-0581-488a-86a8-8b1d82150496 deadline_ms=1790064049237 delay_ms=1000 overdue_ms=7 replaces=lost-delivery-125901712400
09-22 15:00:49.277  3216  3788 I CameraAlarm: ALARM_PENDING_CREATED token=1d432a8f-b1d4-455a-af26-66aa4684ba1b epoch_ms=1790064049277 elapsed_ms=137111 session=ab4f9adb-0581-488a-86a8-8b1d82150496 deadline_ms=1790064049237 delay_ms=1000 overdue_ms=40 attempt=1
09-22 15:00:49.299  3216  3788 I CameraAlarm: OS_ALARM_REGISTERED token=1d432a8f-b1d4-455a-af26-66aa4684ba1b epoch_ms=1790064049299 elapsed_ms=137133 session=ab4f9adb-0581-488a-86a8-8b1d82150496 deadline_ms=null delay_ms=null overdue_ms=null deadline_ms=1790064049237 mode=alarm_clock
09-22 15:00:49.301  3216  3788 I CameraAlarm: EXACT_ALARM_SCHEDULED token=1d432a8f-b1d4-455a-af26-66aa4684ba1b epoch_ms=1790064049300 elapsed_ms=137134 session=ab4f9adb-0581-488a-86a8-8b1d82150496 deadline_ms=1790064049237 delay_ms=1000 overdue_ms=63 attempt=1
09-22 15:00:54.299  3216  3216 I CameraAlarm: ALARM_RECEIVER_ENTRY token=1d432a8f-b1d4-455a-af26-66aa4684ba1b epoch_ms=1790064054299 elapsed_ms=142133 session=ab4f9adb-0581-488a-86a8-8b1d82150496 deadline_ms=null delay_ms=null overdue_ms=null elapsed_ms=142133
09-22 15:00:54.324  3216  3788 I CameraAlarm: ALARM_RECEIVER_FIRED token=1d432a8f-b1d4-455a-af26-66aa4684ba1b epoch_ms=1790064054324 elapsed_ms=142158 session=ab4f9adb-0581-488a-86a8-8b1d82150496 deadline_ms=1790064049237 delay_ms=1000 overdue_ms=5087 attempt=1
09-22 15:00:54.404  3216  3788 I CameraAlarm: RINGING token=1d432a8f-b1d4-455a-af26-66aa4684ba1b epoch_ms=1790064054404 elapsed_ms=142238 session=ab4f9adb-0581-488a-86a8-8b1d82150496 deadline_ms=1790064049237 delay_ms=1000 overdue_ms=5167 attempt=1
09-22 15:00:54.413  3216  3788 I CameraAlarm: SERVICE_REQUESTED token=1d432a8f-b1d4-455a-af26-66aa4684ba1b epoch_ms=1790064054413 elapsed_ms=142247 session=ab4f9adb-0581-488a-86a8-8b1d82150496 deadline_ms=1790064049237 delay_ms=1000 overdue_ms=5176 
09-22 15:00:54.437  3216  3737 I CameraAlarm: STALE_ALARM token=null epoch_ms=1790064054437 elapsed_ms=142271 session=ab4f9adb-0581-488a-86a8-8b1d82150496 deadline_ms=null delay_ms=null overdue_ms=null token=lost-delivery-125901712400
09-22 15:00:54.448  3216  3216 I CameraAlarm: FOREGROUND_SERVICE_STARTED: token=1d432a8f-b1d4-455a-af26-66aa4684ba1b
09-22 15:00:54.449  3216  3216 I CameraAlarm: FOREGROUND_SERVICE_STARTED token=1d432a8f-b1d4-455a-af26-66aa4684ba1b epoch_ms=1790064054449 elapsed_ms=142283 session=ab4f9adb-0581-488a-86a8-8b1d82150496 deadline_ms=1790064049237 delay_ms=1000 overdue_ms=5212 
09-22 15:00:54.514  3216  3216 I CameraAlarm: ALARM_TIMING foreground_ms=90 token=1d432a8f-b1d4-455a-af26-66aa4684ba1b
09-22 15:00:54.612  3216  3216 I CameraAlarm: AUDIO_STARTED: key=alarm_warning_aloud resId=2131296260
09-22 15:00:54.612  3216  3216 D CameraAlarm: Alarm sound:
09-22 15:00:54.612  3216  3216 D CameraAlarm: selected key: alarm_warning_aloud
09-22 15:00:54.612  3216  3216 D CameraAlarm: resolved resource: 2131296260
09-22 15:00:54.612  3216  3216 D CameraAlarm: prepare result: success
09-22 15:00:54.612  3216  3216 D CameraAlarm: play result: success
09-22 15:00:54.615  3216  3216 I CameraAlarm: AUDIO_STARTED: token=1d432a8f-b1d4-455a-af26-66aa4684ba1b
09-22 15:00:54.622  3216  3216 I CameraAlarm: AUDIO_STARTED token=1d432a8f-b1d4-455a-af26-66aa4684ba1b epoch_ms=1790064054622 elapsed_ms=142456 session=ab4f9adb-0581-488a-86a8-8b1d82150496 deadline_ms=1790064049237 delay_ms=1000 overdue_ms=5385 
09-22 15:00:54.622  3216  3216 I CameraAlarm: ALARM_TIMING runtime_started_ms=199 token=1d432a8f-b1d4-455a-af26-66aa4684ba1b
09-22 15:00:54.624  3216  3216 I CameraAlarm: FULLSCREEN_INTENT_SENT: token=1d432a8f-b1d4-455a-af26-66aa4684ba1b
09-22 15:00:54.989  3216  3216 I CameraAlarm: Direct startActivity called for token=1d432a8f-b1d4-455a-af26-66aa4684ba1b
09-22 15:00:55.065  3216  3216 I CameraAlarm: ALARMACTIVITY_CREATED: token=1d432a8f-b1d4-455a-af26-66aa4684ba1b
09-22 15:00:55.276  3216  3737 I TestRunner: finished: lostOsDeliveryRetriesAutonomouslyAndLateCallbackCannotClaimReplacement(com.personal.cameraalarm.PendingDeliveryInstrumentedTest)
09-22 15:00:55.763  3216  3216 D CameraAlarm: runtime stopped token=1d432a8f-b1d4-455a-af26-66aa4684ba1b
09-22 15:00:57.418  3216  3737 I TestRunner: started: prepare(com.personal.cameraalarm.RebootScenarioPreparation)
09-22 15:00:58.081  3216  3737 E TestRunner: assumption failed: prepare(com.personal.cameraalarm.RebootScenarioPreparation)
09-22 15:00:58.092  3216  3737 E TestRunner: ----- begin exception -----
09-22 15:00:58.092  3216  3737 E TestRunner: org.junit.AssumptionViolatedException: got: <false>, expected: is <true>
09-22 15:00:58.092  3216  3737 E TestRunner: 	at org.junit.Assume.assumeThat(Assume.java:106)
09-22 15:00:58.092  3216  3737 E TestRunner: 	at org.junit.Assume.assumeTrue(Assume.java:50)
09-22 15:00:58.092  3216  3737 E TestRunner: 	at com.personal.cameraalarm.RebootScenarioPreparation$prepare$1.invokeSuspend(RebootScenarioPreparation.kt:20)
09-22 15:00:58.092  3216  3737 E TestRunner: 	at kotlin.coroutines.jvm.internal.BaseContinuationImpl.resumeWith(ContinuationImpl.kt:33)
09-22 15:00:58.092  3216  3737 E TestRunner: 	at kotlinx.coroutines.DispatchedTask.run(DispatchedTask.kt:101)
09-22 15:00:58.092  3216  3737 E TestRunner: 	at kotlinx.coroutines.EventLoopImplBase.processNextEvent(EventLoop.common.kt:263)
09-22 15:00:58.092  3216  3737 E TestRunner: 	at kotlinx.coroutines.BlockingCoroutine.joinBlocking(Builders.kt:95)
09-22 15:00:58.092  3216  3737 E TestRunner: 	at kotlinx.coroutines.BuildersKt__BuildersKt.runBlocking(Builders.kt:69)
09-22 15:00:58.092  3216  3737 E TestRunner: 	at kotlinx.coroutines.BuildersKt.runBlocking(Unknown Source:1)
09-22 15:00:58.092  3216  3737 E TestRunner: 	at kotlinx.coroutines.BuildersKt__BuildersKt.runBlocking$default(Builders.kt:47)
09-22 15:00:58.092  3216  3737 E TestRunner: 	at kotlinx.coroutines.BuildersKt.runBlocking$default(Unknown Source:1)
09-22 15:00:58.092  3216  3737 E TestRunner: 	at com.personal.cameraalarm.RebootScenarioPreparation.prepare(RebootScenarioPreparation.kt:18)
09-22 15:00:58.092  3216  3737 E TestRunner: 	at java.lang.reflect.Method.invoke(Native Method)
09-22 15:00:58.092  3216  3737 E TestRunner: 	at org.junit.runners.model.FrameworkMethod$1.runReflectiveCall(FrameworkMethod.java:59)
09-22 15:00:58.092  3216  3737 E TestRunner: 	at org.junit.internal.runners.model.ReflectiveCallable.run(ReflectiveCallable.java:12)
09-22 15:00:58.092  3216  3737 E TestRunner: 	at org.junit.runners.model.FrameworkMethod.invokeExplosively(FrameworkMethod.java:56)
09-22 15:00:58.092  3216  3737 E TestRunner: 	at org.junit.internal.runners.statements.InvokeMethod.evaluate(InvokeMethod.java:17)
09-22 15:00:58.092  3216  3737 E TestRunner: 	at org.junit.runners.ParentRunner$3.evaluate(ParentRunner.java:306)
09-22 15:00:58.092  3216  3737 E TestRunner: 	at org.junit.runners.BlockJUnit4ClassRunner$1.evaluate(BlockJUnit4ClassRunner.java:100)
09-22 15:00:58.092  3216  3737 E TestRunner: 	at org.junit.runners.ParentRunner.runLeaf(ParentRunner.java:366)
09-22 15:00:58.092  3216  3737 E TestRunner: 	at org.junit.runners.BlockJUnit4ClassRunner.runChild(BlockJUnit4ClassRunner.java:103)
09-22 15:00:58.092  3216  3737 E TestRunner: 	at org.junit.runners.BlockJUnit4ClassRunner.runChild(BlockJUnit4ClassRunner.java:63)
09-22 15:00:58.092  3216  3737 E TestRunner: 	at org.junit.runners.ParentRunner$4.run(ParentRunner.java:331)
09-22 15:00:58.092  3216  3737 E TestRunner: 	at org.junit.runners.ParentRunner$1.schedule(ParentRunner.java:79)
09-22 15:00:58.092  3216  3737 E TestRunner: 	at org.junit.runners.ParentRunner.runChildren(ParentRunner.java:329)
09-22 15:00:58.092  3216  3737 E TestRunner: 	at org.junit.runners.ParentRunner.access$100(ParentRunner.java:66)
09-22 15:00:58.092  3216  3737 E TestRunner: 	at org.junit.runners.ParentRunner$2.evaluate(ParentRunner.java:293)
09-22 15:00:58.092  3216  3737 E TestRunner: 	at org.junit.runners.ParentRunner$3.evaluate(ParentRunner.java:306)
09-22 15:00:58.092  3216  3737 E TestRunner: 	at org.junit.runners.ParentRunner.run(ParentRunner.java:413)
09-22 15:00:58.092  3216  3737 E TestRunner: 	at org.junit.runners.Suite.runChild(Suite.java:128)
09-22 15:00:58.092  3216  3737 E TestRunner: 	at org.junit.runners.Suite.runChild(Suite.java:27)
09-22 15:00:58.092  3216  3737 E TestRunner: 	at org.junit.runners.ParentRunner$4.run(ParentRunner.java:331)
09-22 15:00:58.092  3216  3737 E TestRunner: 	at org.junit.runners.ParentRunner$1.schedule(ParentRunner.java:79)
09-22 15:00:58.092  3216  3737 E TestRunner: 	at org.junit.runners.ParentRunner.runChildren(ParentRunner.java:329)
09-22 15:00:58.092  3216  3737 E TestRunner: 	at org.junit.runners.ParentRunner.access$100(ParentRunner.java:66)
09-22 15:00:58.092  3216  3737 E TestRunner: 	at org.junit.runners.ParentRunner$2.evaluate(ParentRunner.java:293)
09-22 15:00:58.092  3216  3737 E TestRunner: 	at org.junit.runners.ParentRunner$3.evaluate(ParentRunner.java:306)
09-22 15:00:58.092  3216  3737 E TestRunner: 	at org.junit.runners.ParentRunner.run(ParentRunner.java:413)
09-22 15:00:58.092  3216  3737 E TestRunner: 	at org.junit.runner.JUnitCore.run(JUnitCore.java:137)
09-22 15:00:58.092  3216  3737 E TestRunner: 	at org.junit.runner.JUnitCore.run(JUnitCore.java:115)
09-22 15:00:58.092  3216  3737 E TestRunner: 	at androidx.test.internal.runner.TestExecutor.execute(TestExecutor.java:68)
09-22 15:00:58.092  3216  3737 E TestRunner: 	at androidx.test.internal.runner.TestExecutor.execute(TestExecutor.java:59)
09-22 15:00:58.092  3216  3737 E TestRunner: 	at androidx.test.runner.AndroidJUnitRunner.onStart(AndroidJUnitRunner.java:467)
09-22 15:00:58.092  3216  3737 E TestRunner: 	at android.app.Instrumentation$InstrumentationThread.run(Instrumentation.java:2402)
09-22 15:00:58.103  3216  3737 E TestRunner: ----- end exception -----
09-22 15:00:58.116  3216  3737 I TestRunner: finished: prepare(com.personal.cameraalarm.RebootScenarioPreparation)
09-22 15:00:58.140  3216  3737 I TestRunner: started: migration1To2PreservesRulesAndNormalizesPriorityInOldEvaluationOrder(com.personal.cameraalarm.RuleMigrationInstrumentedTest)
09-22 15:00:58.642  3216  3737 I TestRunner: finished: migration1To2PreservesRulesAndNormalizesPriorityInOldEvaluationOrder(com.personal.cameraalarm.RuleMigrationInstrumentedTest)
09-22 15:00:58.655  3216  3737 I TestRunner: started: maximumThreeRulesAndUniquePrioritiesAreEnforced(com.personal.cameraalarm.RuleRepositoryInstrumentedTest)
09-22 15:00:58.740  3216  3737 I TestRunner: finished: maximumThreeRulesAndUniquePrioritiesAreEnforced(com.personal.cameraalarm.RuleRepositoryInstrumentedTest)
09-22 15:00:58.742  3216  3737 I TestRunner: started: deleteDoesNotRenumberRemainingRules(com.personal.cameraalarm.RuleRepositoryInstrumentedTest)
09-22 15:00:58.836  3216  3737 I TestRunner: finished: deleteDoesNotRenumberRemainingRules(com.personal.cameraalarm.RuleRepositoryInstrumentedTest)
09-22 15:00:58.841  3216  3737 I TestRunner: started: editingToOccupiedPrioritySwapsAtomicallyAndPreservesCreatedAt(com.personal.cameraalarm.RuleRepositoryInstrumentedTest)
09-22 15:00:58.925  3216  3737 I TestRunner: finished: editingToOccupiedPrioritySwapsAtomicallyAndPreservesCreatedAt(com.personal.cameraalarm.RuleRepositoryInstrumentedTest)
09-22 15:00:58.933  3216  3737 I TestRunner: started: notificationActionsFollowLanguageEvenWhileAlarmIsActive(com.personal.cameraalarm.SelectedLanguageInstrumentedTest)
09-22 15:01:02.543  3216  3216 I CameraAlarm: FOREGROUND_SERVICE_STARTED: token=test-language
09-22 15:01:02.580  3216  3216 I CameraAlarm: FOREGROUND_SERVICE_STARTED token=test-language epoch_ms=1790064062578 elapsed_ms=150412 session=ab4f9adb-0581-488a-86a8-8b1d82150496 deadline_ms=null delay_ms=null overdue_ms=null 
09-22 15:01:02.637  3216  3216 I CameraAlarm: ALARM_TIMING foreground_ms=1230 token=test-language
09-22 15:01:02.708  3216  3216 I CameraAlarm: AUDIO_STARTED: key=alarm_warning_aloud resId=2131296260
09-22 15:01:02.708  3216  3216 D CameraAlarm: Alarm sound:
09-22 15:01:02.708  3216  3216 D CameraAlarm: selected key: alarm_warning_aloud
09-22 15:01:02.708  3216  3216 D CameraAlarm: resolved resource: 2131296260
09-22 15:01:02.708  3216  3216 D CameraAlarm: prepare result: success
09-22 15:01:02.708  3216  3216 D CameraAlarm: play result: success
09-22 15:01:02.708  3216  3216 I CameraAlarm: AUDIO_STARTED: token=test-language
09-22 15:01:02.713  3216  3216 I CameraAlarm: AUDIO_STARTED token=test-language epoch_ms=1790064062712 elapsed_ms=150546 session=ab4f9adb-0581-488a-86a8-8b1d82150496 deadline_ms=null delay_ms=null overdue_ms=null 
09-22 15:01:02.713  3216  3216 I CameraAlarm: ALARM_TIMING runtime_started_ms=1306 token=test-language
09-22 15:01:03.056  3216  3216 I CameraAlarm: ALARMACTIVITY_CREATED: token=test-language
09-22 15:01:04.372  3216  3216 I CameraAlarm: STOP_RECEIVER_FIRED: token=test-language
09-22 15:01:04.889  3216  3216 D CameraAlarm: runtime stopped token=test-language
09-22 15:01:06.240  3216  3737 I TestRunner: finished: notificationActionsFollowLanguageEvenWhileAlarmIsActive(com.personal.cameraalarm.SelectedLanguageInstrumentedTest)
09-22 15:01:07.079  3216  3737 I TestRunner: started: selectedLanguageReachesActivityDialogAndMessages(com.personal.cameraalarm.SelectedLanguageInstrumentedTest)
09-22 15:01:13.602  3216  3737 I TestRunner: finished: selectedLanguageReachesActivityDialogAndMessages(com.personal.cameraalarm.SelectedLanguageInstrumentedTest)
09-22 15:01:13.614  3216  3737 I TestRunner: started: freshStoreUsesOfficialDefaultProfile(com.personal.cameraalarm.SettingsDefaultsInstrumentedTest)
09-22 15:01:13.681  3216  3737 I TestRunner: finished: freshStoreUsesOfficialDefaultProfile(com.personal.cameraalarm.SettingsDefaultsInstrumentedTest)
09-22 15:01:13.684  3216  3737 I TestRunner: started: existingV2StorePreservesFalseWhenUpgradedToV3(com.personal.cameraalarm.SettingsDefaultsInstrumentedTest)
09-22 15:01:13.828  3216  3737 I TestRunner: finished: existingV2StorePreservesFalseWhenUpgradedToV3(com.personal.cameraalarm.SettingsDefaultsInstrumentedTest)
09-22 15:01:13.835  3216  3737 I TestRunner: started: existingStoreWithoutVersionPreservesOldEffectiveDefaults(com.personal.cameraalarm.SettingsDefaultsInstrumentedTest)
09-22 15:01:13.866  3216  3737 I TestRunner: finished: existingStoreWithoutVersionPreservesOldEffectiveDefaults(com.personal.cameraalarm.SettingsDefaultsInstrumentedTest)
09-22 15:01:13.870  3216  3737 I TestRunner: started: resetPersistsOfficialDefaultsAcrossRepositoryRecreation(com.personal.cameraalarm.SettingsDefaultsInstrumentedTest)
09-22 15:01:13.901  3216  3737 I TestRunner: finished: resetPersistsOfficialDefaultsAcrossRepositoryRecreation(com.personal.cameraalarm.SettingsDefaultsInstrumentedTest)
09-22 15:01:13.907  3216  3737 I TestRunner: started: savingStaleSettingsDraftDoesNotDisableMonitoring(com.personal.cameraalarm.SettingsDefaultsInstrumentedTest)
09-22 15:01:13.960  3216  3737 I TestRunner: finished: savingStaleSettingsDraftDoesNotDisableMonitoring(com.personal.cameraalarm.SettingsDefaultsInstrumentedTest)
09-22 15:01:13.964  3216  3737 I TestRunner: started: transientReadErrorDoesNotEmitMonitoringOffDefaults(com.personal.cameraalarm.SettingsReadRecoveryInstrumentedTest)
09-22 15:01:14.974  3216  3737 I TestRunner: finished: transientReadErrorDoesNotEmitMonitoringOffDefaults(com.personal.cameraalarm.SettingsReadRecoveryInstrumentedTest)
09-22 15:01:14.977  3216  3737 I TestRunner: started: persistedSettingsAndRulesDrivePipelineWhileMonitoringOffSuppresses(com.personal.cameraalarm.V1IntegrationInstrumentedTest)
09-22 15:01:15.105  3216  3737 I CameraAlarm: TRIGGER_MATCHED token=fb94da6a-1485-4111-a895-91a98c1b97f0 epoch_ms=1790064075105 elapsed_ms=162939 session=ab4f9adb-0581-488a-86a8-8b1d82150496 deadline_ms=null delay_ms=null overdue_ms=null rule=instrumented-runtime-rule package=com.camera.instrumented
09-22 15:01:15.119  3216  3737 I CameraAlarm: ALARM_PENDING_CREATED token=fb94da6a-1485-4111-a895-91a98c1b97f0 epoch_ms=1790064075119 elapsed_ms=162953 session=ab4f9adb-0581-488a-86a8-8b1d82150496 deadline_ms=1790064080108 delay_ms=5000 overdue_ms=0 attempt=0
09-22 15:01:15.124  3216  3737 I CameraAlarm: OS_ALARM_REGISTERED token=fb94da6a-1485-4111-a895-91a98c1b97f0 epoch_ms=1790064075124 elapsed_ms=162958 session=ab4f9adb-0581-488a-86a8-8b1d82150496 deadline_ms=null delay_ms=null overdue_ms=null deadline_ms=1790064080108 mode=alarm_clock
09-22 15:01:15.125  3216  3737 I CameraAlarm: EXACT_ALARM_SCHEDULED token=fb94da6a-1485-4111-a895-91a98c1b97f0 epoch_ms=1790064075125 elapsed_ms=162959 session=ab4f9adb-0581-488a-86a8-8b1d82150496 deadline_ms=1790064080108 delay_ms=5000 overdue_ms=0 attempt=0
09-22 15:01:15.127  3216  3737 D CameraAlarm: decision=SCHEDULED source=com.camera.instrumented
09-22 15:01:15.313  3216  3737 I TestRunner: finished: persistedSettingsAndRulesDrivePipelineWhileMonitoringOffSuppresses(com.personal.cameraalarm.V1IntegrationInstrumentedTest)
09-22 15:01:15.316  3216  3737 I TestRunner: started: settingsPersistAcrossRepositoryRecreation(com.personal.cameraalarm.V1IntegrationInstrumentedTest)
09-22 15:01:15.531  3216  3737 I TestRunner: finished: settingsPersistAcrossRepositoryRecreation(com.personal.cameraalarm.V1IntegrationInstrumentedTest)
09-22 15:01:15.534  3216  3737 I TestRunner: started: pendingStatePersistsButOrphanRingingStateIsCleared(com.personal.cameraalarm.V1IntegrationInstrumentedTest)
09-22 15:01:15.566  3216  3737 I TestRunner: finished: pendingStatePersistsButOrphanRingingStateIsCleared(com.personal.cameraalarm.V1IntegrationInstrumentedTest)
09-22 15:01:15.567  3216  3737 I TestRunner: started: roomRulesAndHistoryPersistAcrossDatabaseReopen(com.personal.cameraalarm.V1IntegrationInstrumentedTest)
09-22 15:01:15.637  3216  3737 I TestRunner: finished: roomRulesAndHistoryPersistAcrossDatabaseReopen(com.personal.cameraalarm.V1IntegrationInstrumentedTest)
09-22 15:01:15.639  3216  3737 I TestRunner: run finished: 28 tests, 0 failed, 0 ignored
