--------- beginning of main
09-22 15:02:09.538  2600  3001 I TestRunner: run started: 28 tests
09-22 15:02:09.540  2600  3001 I TestRunner: started: tokenPendingIntentCanBeFoundAndCancelledWithoutCancellingAnotherToken(com.personal.cameraalarm.AlarmSchedulerInstrumentedTest)
09-22 15:02:09.559  2600  3001 I CameraAlarm: OS_ALARM_REGISTERED token=instrumented-test epoch_ms=1790064129559 elapsed_ms=80959 session=d767a4af-32ec-4c46-99c4-2823abce66ff deadline_ms=null delay_ms=null overdue_ms=null deadline_ms=1790064189548 mode=alarm_clock
09-22 15:02:09.581  2600  3001 I TestRunner: finished: tokenPendingIntentCanBeFoundAndCancelledWithoutCancellingAnotherToken(com.personal.cameraalarm.AlarmSchedulerInstrumentedTest)
09-22 15:02:09.598  2600  3001 I TestRunner: started: secondStartCannotReplaceStopActionForActiveAlarm(com.personal.cameraalarm.AlarmStopInstrumentedTest)
09-22 15:02:09.868  2600  3001 I StopProbe: START_FIRST elapsed=81269
09-22 15:02:10.112  2600  2600 I CameraAlarm: FOREGROUND_SERVICE_STARTED: token=test-first
09-22 15:02:10.126  2600  2600 I CameraAlarm: FOREGROUND_SERVICE_STARTED token=test-first epoch_ms=1790064130126 elapsed_ms=81526 session=d767a4af-32ec-4c46-99c4-2823abce66ff deadline_ms=null delay_ms=null overdue_ms=null 
09-22 15:02:10.228  2600  2600 I CameraAlarm: ALARM_TIMING foreground_ms=275 token=test-first
09-22 15:02:11.250  2600  2600 I CameraAlarm: AUDIO_STARTED: key=alarm_warning_aloud resId=2131296260
09-22 15:02:11.252  2600  2600 D CameraAlarm: Alarm sound:
09-22 15:02:11.252  2600  2600 D CameraAlarm: selected key: alarm_warning_aloud
09-22 15:02:11.252  2600  2600 D CameraAlarm: resolved resource: 2131296260
09-22 15:02:11.252  2600  2600 D CameraAlarm: prepare result: success
09-22 15:02:11.252  2600  2600 D CameraAlarm: play result: success
09-22 15:02:11.253  2600  2600 I CameraAlarm: AUDIO_STARTED: token=test-first
09-22 15:02:11.258  2600  2600 I CameraAlarm: AUDIO_STARTED token=test-first epoch_ms=1790064131258 elapsed_ms=82659 session=d767a4af-32ec-4c46-99c4-2823abce66ff deadline_ms=null delay_ms=null overdue_ms=null 
09-22 15:02:11.258  2600  2600 I CameraAlarm: ALARM_TIMING runtime_started_ms=1306 token=test-first
09-22 15:02:12.154  2600  2600 I CameraAlarm: ALARMACTIVITY_CREATED: token=test-first
09-22 15:02:12.575  2600  3001 I StopProbe: ACTIVITY_RESUMED elapsed=83975
09-22 15:02:14.376  2600  3001 I StopProbe: MAIN_IDLE elapsed=85777
09-22 15:02:14.380  2600  3001 I StopProbe: SEND_STOP elapsed=85781
09-22 15:02:14.403  2600  3001 I StopProbe: SENT_STOP elapsed=85803
09-22 15:02:14.438  2600  2600 I CameraAlarm: STOP_RECEIVER_FIRED: token=test-first
09-22 15:02:14.761  2600  2600 D CameraAlarm: runtime stopped token=test-first
09-22 15:02:15.212  2600  2600 D CameraAlarm: runtime stopped token=test-first
09-22 15:02:15.238  2600  3001 I TestRunner: finished: secondStartCannotReplaceStopActionForActiveAlarm(com.personal.cameraalarm.AlarmStopInstrumentedTest)
09-22 15:02:17.136  2600  3001 I TestRunner: started: realDataStoreInvalidatesAllPreviousBootStatesAndKeepsCurrentBootPending(com.personal.cameraalarm.BootStateStoreInstrumentedTest)
09-22 15:02:18.293  2600  3001 I TestRunner: finished: realDataStoreInvalidatesAllPreviousBootStatesAndKeepsCurrentBootPending(com.personal.cameraalarm.BootStateStoreInstrumentedTest)
09-22 15:02:18.309  2600  3001 I TestRunner: started: currentSnapshotTransactionCannotEraseNewBootWrite(com.personal.cameraalarm.BootStateStoreInstrumentedTest)
09-22 15:02:25.302  2600  3001 I TestRunner: finished: currentSnapshotTransactionCannotEraseNewBootWrite(com.personal.cameraalarm.BootStateStoreInstrumentedTest)
09-22 15:02:25.361  2600  3001 I TestRunner: started: triggerRuleDaoCrud(com.personal.cameraalarm.DatabaseInstrumentedTest)
09-22 15:02:25.616  2600  3001 I TestRunner: finished: triggerRuleDaoCrud(com.personal.cameraalarm.DatabaseInstrumentedTest)
09-22 15:02:25.692  2600  3001 I TestRunner: started: alertEventDaoPrunesByMaximumCountAndKeepsPaginationStable(com.personal.cameraalarm.DatabaseInstrumentedTest)
09-22 15:02:27.632  2600  3001 I TestRunner: finished: alertEventDaoPrunesByMaximumCountAndKeepsPaginationStable(com.personal.cameraalarm.DatabaseInstrumentedTest)
09-22 15:02:27.637  2600  3001 I TestRunner: started: alertEventDaoCapsSuppressedEventsWithoutRemovingTriggeredEvents(com.personal.cameraalarm.DatabaseInstrumentedTest)
09-22 15:02:27.855  2600  3001 I TestRunner: finished: alertEventDaoCapsSuppressedEventsWithoutRemovingTriggeredEvents(com.personal.cameraalarm.DatabaseInstrumentedTest)
09-22 15:02:27.866  2600  3001 I TestRunner: started: alertEventDaoPrunesEventsOutsideRetentionWindow(com.personal.cameraalarm.DatabaseInstrumentedTest)
09-22 15:02:28.092  2600  3001 I TestRunner: finished: alertEventDaoPrunesEventsOutsideRetentionWindow(com.personal.cameraalarm.DatabaseInstrumentedTest)
09-22 15:02:28.130  2600  3001 I TestRunner: started: ruleSettingsAndOemGuidanceResolveInEnglishAndVietnamese(com.personal.cameraalarm.LocalizationInstrumentedTest)
09-22 15:02:28.205  2600  3001 I TestRunner: finished: ruleSettingsAndOemGuidanceResolveInEnglishAndVietnamese(com.personal.cameraalarm.LocalizationInstrumentedTest)
09-22 15:02:28.214  2600  3001 I TestRunner: started: bootReceiverIsNotExportedToThirdPartyApps(com.personal.cameraalarm.ManifestSecurityInstrumentedTest)
09-22 15:02:28.228  2600  3001 I TestRunner: finished: bootReceiverIsNotExportedToThirdPartyApps(com.personal.cameraalarm.ManifestSecurityInstrumentedTest)
09-22 15:02:28.240  2600  3001 I TestRunner: started: lostOsDeliveryRetriesAutonomouslyAndLateCallbackCannotClaimReplacement(com.personal.cameraalarm.PendingDeliveryInstrumentedTest)
09-22 15:02:28.544  2600  3001 I CameraAlarm: ALARM_PENDING_CREATED token=lost-delivery-99840117656 epoch_ms=1790064148544 elapsed_ms=99944 session=d767a4af-32ec-4c46-99c4-2823abce66ff deadline_ms=1790064149532 delay_ms=1000 overdue_ms=0 attempt=0
09-22 15:02:28.546  2600  3001 I CameraAlarm: OS_ALARM_REGISTERED token=lost-delivery-99840117656 epoch_ms=1790064148546 elapsed_ms=99947 session=d767a4af-32ec-4c46-99c4-2823abce66ff deadline_ms=null delay_ms=null overdue_ms=null deadline_ms=1790064149532 mode=alarm_clock
09-22 15:02:28.546  2600  3001 I CameraAlarm: EXACT_ALARM_SCHEDULED token=lost-delivery-99840117656 epoch_ms=1790064148546 elapsed_ms=99947 session=d767a4af-32ec-4c46-99c4-2823abce66ff deadline_ms=1790064149532 delay_ms=1000 overdue_ms=0 attempt=0
09-22 15:02:39.621  2600  3036 I CameraAlarm: PENDING_RETIRED token=lost-delivery-99840117656 epoch_ms=1790064159621 elapsed_ms=111021 session=d767a4af-32ec-4c46-99c4-2823abce66ff deadline_ms=1790064149532 delay_ms=1000 overdue_ms=10089 Pending overdue; attempt=0
09-22 15:02:39.622  2600  3036 I CameraAlarm: PENDING_RECOVERY token=4df6a9eb-f17d-4df5-b1f8-655d60c73322 epoch_ms=1790064159622 elapsed_ms=111023 session=d767a4af-32ec-4c46-99c4-2823abce66ff deadline_ms=1790064159622 delay_ms=1000 overdue_ms=0 replaces=lost-delivery-99840117656
09-22 15:02:39.667  2600  3036 I CameraAlarm: ALARM_PENDING_CREATED token=4df6a9eb-f17d-4df5-b1f8-655d60c73322 epoch_ms=1790064159667 elapsed_ms=111068 session=d767a4af-32ec-4c46-99c4-2823abce66ff deadline_ms=1790064159622 delay_ms=1000 overdue_ms=45 attempt=1
09-22 15:02:39.705  2600  3036 I CameraAlarm: OS_ALARM_REGISTERED token=4df6a9eb-f17d-4df5-b1f8-655d60c73322 epoch_ms=1790064159701 elapsed_ms=111101 session=d767a4af-32ec-4c46-99c4-2823abce66ff deadline_ms=null delay_ms=null overdue_ms=null deadline_ms=1790064159622 mode=alarm_clock
09-22 15:02:39.709  2600  3036 I CameraAlarm: EXACT_ALARM_SCHEDULED token=4df6a9eb-f17d-4df5-b1f8-655d60c73322 epoch_ms=1790064159705 elapsed_ms=111106 session=d767a4af-32ec-4c46-99c4-2823abce66ff deadline_ms=1790064159622 delay_ms=1000 overdue_ms=83 attempt=1
09-22 15:02:44.737  2600  2600 I CameraAlarm: ALARM_RECEIVER_ENTRY token=4df6a9eb-f17d-4df5-b1f8-655d60c73322 epoch_ms=1790064164737 elapsed_ms=116137 session=d767a4af-32ec-4c46-99c4-2823abce66ff deadline_ms=null delay_ms=null overdue_ms=null elapsed_ms=116137
09-22 15:02:44.766  2600  3011 I CameraAlarm: ALARM_RECEIVER_FIRED token=4df6a9eb-f17d-4df5-b1f8-655d60c73322 epoch_ms=1790064164766 elapsed_ms=116167 session=d767a4af-32ec-4c46-99c4-2823abce66ff deadline_ms=1790064159622 delay_ms=1000 overdue_ms=5144 attempt=1
09-22 15:02:44.806  2600  3036 I CameraAlarm: RINGING token=4df6a9eb-f17d-4df5-b1f8-655d60c73322 epoch_ms=1790064164806 elapsed_ms=116206 session=d767a4af-32ec-4c46-99c4-2823abce66ff deadline_ms=1790064159622 delay_ms=1000 overdue_ms=5184 attempt=1
09-22 15:02:44.840  2600  3036 I CameraAlarm: SERVICE_REQUESTED token=4df6a9eb-f17d-4df5-b1f8-655d60c73322 epoch_ms=1790064164840 elapsed_ms=116240 session=d767a4af-32ec-4c46-99c4-2823abce66ff deadline_ms=1790064159622 delay_ms=1000 overdue_ms=5218 
09-22 15:02:44.881  2600  3001 I CameraAlarm: STALE_ALARM token=null epoch_ms=1790064164881 elapsed_ms=116281 session=d767a4af-32ec-4c46-99c4-2823abce66ff deadline_ms=null delay_ms=null overdue_ms=null token=lost-delivery-99840117656
09-22 15:02:44.917  2600  2600 I CameraAlarm: FOREGROUND_SERVICE_STARTED: token=4df6a9eb-f17d-4df5-b1f8-655d60c73322
09-22 15:02:44.917  2600  2600 I CameraAlarm: FOREGROUND_SERVICE_STARTED token=4df6a9eb-f17d-4df5-b1f8-655d60c73322 epoch_ms=1790064164917 elapsed_ms=116317 session=d767a4af-32ec-4c46-99c4-2823abce66ff deadline_ms=1790064159622 delay_ms=1000 overdue_ms=5295 
09-22 15:02:45.023  2600  2600 I CameraAlarm: ALARM_TIMING foreground_ms=181 token=4df6a9eb-f17d-4df5-b1f8-655d60c73322
09-22 15:02:45.411  2600  2600 I CameraAlarm: AUDIO_STARTED: key=alarm_warning_aloud resId=2131296260
09-22 15:02:45.411  2600  2600 D CameraAlarm: Alarm sound:
09-22 15:02:45.411  2600  2600 D CameraAlarm: selected key: alarm_warning_aloud
09-22 15:02:45.411  2600  2600 D CameraAlarm: resolved resource: 2131296260
09-22 15:02:45.411  2600  2600 D CameraAlarm: prepare result: success
09-22 15:02:45.411  2600  2600 D CameraAlarm: play result: success
09-22 15:02:45.417  2600  2600 I CameraAlarm: AUDIO_STARTED: token=4df6a9eb-f17d-4df5-b1f8-655d60c73322
09-22 15:02:45.431  2600  2600 I CameraAlarm: AUDIO_STARTED token=4df6a9eb-f17d-4df5-b1f8-655d60c73322 epoch_ms=1790064165431 elapsed_ms=116831 session=d767a4af-32ec-4c46-99c4-2823abce66ff deadline_ms=1790064159622 delay_ms=1000 overdue_ms=5809 
09-22 15:02:45.431  2600  2600 I CameraAlarm: ALARM_TIMING runtime_started_ms=589 token=4df6a9eb-f17d-4df5-b1f8-655d60c73322
09-22 15:02:45.444  2600  2600 I CameraAlarm: FULLSCREEN_INTENT_SENT: token=4df6a9eb-f17d-4df5-b1f8-655d60c73322
09-22 15:02:46.017  2600  2600 I CameraAlarm: Direct startActivity called for token=4df6a9eb-f17d-4df5-b1f8-655d60c73322
09-22 15:02:46.113  2600  3001 I TestRunner: finished: lostOsDeliveryRetriesAutonomouslyAndLateCallbackCannotClaimReplacement(com.personal.cameraalarm.PendingDeliveryInstrumentedTest)
09-22 15:02:46.197  2600  3001 I TestRunner: started: prepare(com.personal.cameraalarm.RebootScenarioPreparation)
09-22 15:02:46.263  2600  3001 E TestRunner: assumption failed: prepare(com.personal.cameraalarm.RebootScenarioPreparation)
09-22 15:02:46.275  2600  3001 E TestRunner: ----- begin exception -----
09-22 15:02:46.275  2600  3001 E TestRunner: org.junit.AssumptionViolatedException: got: <false>, expected: is <true>
09-22 15:02:46.275  2600  3001 E TestRunner: 	at org.junit.Assume.assumeThat(Assume.java:106)
09-22 15:02:46.275  2600  3001 E TestRunner: 	at org.junit.Assume.assumeTrue(Assume.java:50)
09-22 15:02:46.275  2600  3001 E TestRunner: 	at com.personal.cameraalarm.RebootScenarioPreparation$prepare$1.invokeSuspend(RebootScenarioPreparation.kt:20)
09-22 15:02:46.275  2600  3001 E TestRunner: 	at kotlin.coroutines.jvm.internal.BaseContinuationImpl.resumeWith(ContinuationImpl.kt:33)
09-22 15:02:46.275  2600  3001 E TestRunner: 	at kotlinx.coroutines.DispatchedTask.run(DispatchedTask.kt:101)
09-22 15:02:46.275  2600  3001 E TestRunner: 	at kotlinx.coroutines.EventLoopImplBase.processNextEvent(EventLoop.common.kt:263)
09-22 15:02:46.275  2600  3001 E TestRunner: 	at kotlinx.coroutines.BlockingCoroutine.joinBlocking(Builders.kt:95)
09-22 15:02:46.275  2600  3001 E TestRunner: 	at kotlinx.coroutines.BuildersKt__BuildersKt.runBlocking(Builders.kt:69)
09-22 15:02:46.275  2600  3001 E TestRunner: 	at kotlinx.coroutines.BuildersKt.runBlocking(Unknown Source:1)
09-22 15:02:46.275  2600  3001 E TestRunner: 	at kotlinx.coroutines.BuildersKt__BuildersKt.runBlocking$default(Builders.kt:47)
09-22 15:02:46.275  2600  3001 E TestRunner: 	at kotlinx.coroutines.BuildersKt.runBlocking$default(Unknown Source:1)
09-22 15:02:46.275  2600  3001 E TestRunner: 	at com.personal.cameraalarm.RebootScenarioPreparation.prepare(RebootScenarioPreparation.kt:18)
09-22 15:02:46.275  2600  3001 E TestRunner: 	at java.lang.reflect.Method.invoke(Native Method)
09-22 15:02:46.275  2600  3001 E TestRunner: 	at org.junit.runners.model.FrameworkMethod$1.runReflectiveCall(FrameworkMethod.java:59)
09-22 15:02:46.275  2600  3001 E TestRunner: 	at org.junit.internal.runners.model.ReflectiveCallable.run(ReflectiveCallable.java:12)
09-22 15:02:46.275  2600  3001 E TestRunner: 	at org.junit.runners.model.FrameworkMethod.invokeExplosively(FrameworkMethod.java:56)
09-22 15:02:46.275  2600  3001 E TestRunner: 	at org.junit.internal.runners.statements.InvokeMethod.evaluate(InvokeMethod.java:17)
09-22 15:02:46.275  2600  3001 E TestRunner: 	at org.junit.runners.ParentRunner$3.evaluate(ParentRunner.java:306)
09-22 15:02:46.275  2600  3001 E TestRunner: 	at org.junit.runners.BlockJUnit4ClassRunner$1.evaluate(BlockJUnit4ClassRunner.java:100)
09-22 15:02:46.275  2600  3001 E TestRunner: 	at org.junit.runners.ParentRunner.runLeaf(ParentRunner.java:366)
09-22 15:02:46.275  2600  3001 E TestRunner: 	at org.junit.runners.BlockJUnit4ClassRunner.runChild(BlockJUnit4ClassRunner.java:103)
09-22 15:02:46.275  2600  3001 E TestRunner: 	at org.junit.runners.BlockJUnit4ClassRunner.runChild(BlockJUnit4ClassRunner.java:63)
09-22 15:02:46.275  2600  3001 E TestRunner: 	at org.junit.runners.ParentRunner$4.run(ParentRunner.java:331)
09-22 15:02:46.275  2600  3001 E TestRunner: 	at org.junit.runners.ParentRunner$1.schedule(ParentRunner.java:79)
09-22 15:02:46.275  2600  3001 E TestRunner: 	at org.junit.runners.ParentRunner.runChildren(ParentRunner.java:329)
09-22 15:02:46.275  2600  3001 E TestRunner: 	at org.junit.runners.ParentRunner.access$100(ParentRunner.java:66)
09-22 15:02:46.275  2600  3001 E TestRunner: 	at org.junit.runners.ParentRunner$2.evaluate(ParentRunner.java:293)
09-22 15:02:46.275  2600  3001 E TestRunner: 	at org.junit.runners.ParentRunner$3.evaluate(ParentRunner.java:306)
09-22 15:02:46.275  2600  3001 E TestRunner: 	at org.junit.runners.ParentRunner.run(ParentRunner.java:413)
09-22 15:02:46.275  2600  3001 E TestRunner: 	at org.junit.runners.Suite.runChild(Suite.java:128)
09-22 15:02:46.275  2600  3001 E TestRunner: 	at org.junit.runners.Suite.runChild(Suite.java:27)
09-22 15:02:46.275  2600  3001 E TestRunner: 	at org.junit.runners.ParentRunner$4.run(ParentRunner.java:331)
09-22 15:02:46.275  2600  3001 E TestRunner: 	at org.junit.runners.ParentRunner$1.schedule(ParentRunner.java:79)
09-22 15:02:46.275  2600  3001 E TestRunner: 	at org.junit.runners.ParentRunner.runChildren(ParentRunner.java:329)
09-22 15:02:46.275  2600  3001 E TestRunner: 	at org.junit.runners.ParentRunner.access$100(ParentRunner.java:66)
09-22 15:02:46.275  2600  3001 E TestRunner: 	at org.junit.runners.ParentRunner$2.evaluate(ParentRunner.java:293)
09-22 15:02:46.275  2600  3001 E TestRunner: 	at org.junit.runners.ParentRunner$3.evaluate(ParentRunner.java:306)
09-22 15:02:46.275  2600  3001 E TestRunner: 	at org.junit.runners.ParentRunner.run(ParentRunner.java:413)
09-22 15:02:46.275  2600  3001 E TestRunner: 	at org.junit.runner.JUnitCore.run(JUnitCore.java:137)
09-22 15:02:46.275  2600  3001 E TestRunner: 	at org.junit.runner.JUnitCore.run(JUnitCore.java:115)
09-22 15:02:46.275  2600  3001 E TestRunner: 	at androidx.test.internal.runner.TestExecutor.execute(TestExecutor.java:68)
09-22 15:02:46.275  2600  3001 E TestRunner: 	at androidx.test.internal.runner.TestExecutor.execute(TestExecutor.java:59)
09-22 15:02:46.275  2600  3001 E TestRunner: 	at androidx.test.runner.AndroidJUnitRunner.onStart(AndroidJUnitRunner.java:467)
09-22 15:02:46.275  2600  3001 E TestRunner: 	at android.app.Instrumentation$InstrumentationThread.run(Instrumentation.java:2627)
09-22 15:02:46.278  2600  3001 E TestRunner: ----- end exception -----
09-22 15:02:46.292  2600  3001 I TestRunner: finished: prepare(com.personal.cameraalarm.RebootScenarioPreparation)
09-22 15:02:46.301  2600  3001 I TestRunner: started: migration1To2PreservesRulesAndNormalizesPriorityInOldEvaluationOrder(com.personal.cameraalarm.RuleMigrationInstrumentedTest)
09-22 15:02:46.363  2600  2600 D CameraAlarm: runtime stopped token=4df6a9eb-f17d-4df5-b1f8-655d60c73322
09-22 15:02:46.530  2600  2600 I CameraAlarm: ALARMACTIVITY_CREATED: token=4df6a9eb-f17d-4df5-b1f8-655d60c73322
09-22 15:02:46.925  2600  3001 I TestRunner: finished: migration1To2PreservesRulesAndNormalizesPriorityInOldEvaluationOrder(com.personal.cameraalarm.RuleMigrationInstrumentedTest)
09-22 15:02:48.477  2600  3001 I TestRunner: started: maximumThreeRulesAndUniquePrioritiesAreEnforced(com.personal.cameraalarm.RuleRepositoryInstrumentedTest)
09-22 15:02:48.704  2600  3001 I TestRunner: finished: maximumThreeRulesAndUniquePrioritiesAreEnforced(com.personal.cameraalarm.RuleRepositoryInstrumentedTest)
09-22 15:02:48.705  2600  3001 I TestRunner: started: deleteDoesNotRenumberRemainingRules(com.personal.cameraalarm.RuleRepositoryInstrumentedTest)
09-22 15:02:48.819  2600  3001 I TestRunner: finished: deleteDoesNotRenumberRemainingRules(com.personal.cameraalarm.RuleRepositoryInstrumentedTest)
09-22 15:02:48.826  2600  3001 I TestRunner: started: editingToOccupiedPrioritySwapsAtomicallyAndPreservesCreatedAt(com.personal.cameraalarm.RuleRepositoryInstrumentedTest)
09-22 15:02:48.939  2600  3001 I TestRunner: finished: editingToOccupiedPrioritySwapsAtomicallyAndPreservesCreatedAt(com.personal.cameraalarm.RuleRepositoryInstrumentedTest)
09-22 15:02:48.947  2600  3001 I TestRunner: started: notificationActionsFollowLanguageEvenWhileAlarmIsActive(com.personal.cameraalarm.SelectedLanguageInstrumentedTest)
09-22 15:02:53.096  2600  2600 I CameraAlarm: FOREGROUND_SERVICE_STARTED: token=test-language
09-22 15:02:53.098  2600  2600 I CameraAlarm: FOREGROUND_SERVICE_STARTED token=test-language epoch_ms=1790064173098 elapsed_ms=124498 session=d767a4af-32ec-4c46-99c4-2823abce66ff deadline_ms=null delay_ms=null overdue_ms=null 
09-22 15:02:53.139  2600  2600 I CameraAlarm: ALARM_TIMING foreground_ms=52 token=test-language
09-22 15:02:53.302  2600  2600 I CameraAlarm: AUDIO_STARTED: key=alarm_warning_aloud resId=2131296260
09-22 15:02:53.303  2600  2600 D CameraAlarm: Alarm sound:
09-22 15:02:53.303  2600  2600 D CameraAlarm: selected key: alarm_warning_aloud
09-22 15:02:53.303  2600  2600 D CameraAlarm: resolved resource: 2131296260
09-22 15:02:53.303  2600  2600 D CameraAlarm: prepare result: success
09-22 15:02:53.303  2600  2600 D CameraAlarm: play result: success
09-22 15:02:53.303  2600  2600 I CameraAlarm: AUDIO_STARTED: token=test-language
09-22 15:02:53.312  2600  2600 I CameraAlarm: AUDIO_STARTED token=test-language epoch_ms=1790064173312 elapsed_ms=124712 session=d767a4af-32ec-4c46-99c4-2823abce66ff deadline_ms=null delay_ms=null overdue_ms=null 
09-22 15:02:53.313  2600  2600 I CameraAlarm: ALARM_TIMING runtime_started_ms=226 token=test-language
09-22 15:02:55.665  2600  2600 I CameraAlarm: ALARMACTIVITY_CREATED: token=test-language
09-22 15:02:55.950  2600  2600 I CameraAlarm: STOP_RECEIVER_FIRED: token=test-language
09-22 15:02:56.133  2600  2600 D CameraAlarm: runtime stopped token=test-language
09-22 15:02:57.636  2600  3001 I TestRunner: finished: notificationActionsFollowLanguageEvenWhileAlarmIsActive(com.personal.cameraalarm.SelectedLanguageInstrumentedTest)
09-22 15:02:58.465  2600  3001 I TestRunner: started: selectedLanguageReachesActivityDialogAndMessages(com.personal.cameraalarm.SelectedLanguageInstrumentedTest)
09-22 15:03:03.158  2600  3001 I TestRunner: finished: selectedLanguageReachesActivityDialogAndMessages(com.personal.cameraalarm.SelectedLanguageInstrumentedTest)
09-22 15:03:03.211  2600  3001 I TestRunner: started: freshStoreUsesOfficialDefaultProfile(com.personal.cameraalarm.SettingsDefaultsInstrumentedTest)
09-22 15:03:03.272  2600  3001 I TestRunner: finished: freshStoreUsesOfficialDefaultProfile(com.personal.cameraalarm.SettingsDefaultsInstrumentedTest)
09-22 15:03:03.286  2600  3001 I TestRunner: started: existingV2StorePreservesFalseWhenUpgradedToV3(com.personal.cameraalarm.SettingsDefaultsInstrumentedTest)
09-22 15:03:03.325  2600  3001 I TestRunner: finished: existingV2StorePreservesFalseWhenUpgradedToV3(com.personal.cameraalarm.SettingsDefaultsInstrumentedTest)
09-22 15:03:03.329  2600  3001 I TestRunner: started: existingStoreWithoutVersionPreservesOldEffectiveDefaults(com.personal.cameraalarm.SettingsDefaultsInstrumentedTest)
09-22 15:03:03.359  2600  3001 I TestRunner: finished: existingStoreWithoutVersionPreservesOldEffectiveDefaults(com.personal.cameraalarm.SettingsDefaultsInstrumentedTest)
09-22 15:03:03.388  2600  3001 I TestRunner: started: resetPersistsOfficialDefaultsAcrossRepositoryRecreation(com.personal.cameraalarm.SettingsDefaultsInstrumentedTest)
09-22 15:03:03.467  2600  3001 I TestRunner: finished: resetPersistsOfficialDefaultsAcrossRepositoryRecreation(com.personal.cameraalarm.SettingsDefaultsInstrumentedTest)
09-22 15:03:03.470  2600  3001 I TestRunner: started: savingStaleSettingsDraftDoesNotDisableMonitoring(com.personal.cameraalarm.SettingsDefaultsInstrumentedTest)
09-22 15:03:03.531  2600  3001 I TestRunner: finished: savingStaleSettingsDraftDoesNotDisableMonitoring(com.personal.cameraalarm.SettingsDefaultsInstrumentedTest)
09-22 15:03:03.533  2600  3001 I TestRunner: started: transientReadErrorDoesNotEmitMonitoringOffDefaults(com.personal.cameraalarm.SettingsReadRecoveryInstrumentedTest)
09-22 15:03:04.538  2600  3001 I TestRunner: finished: transientReadErrorDoesNotEmitMonitoringOffDefaults(com.personal.cameraalarm.SettingsReadRecoveryInstrumentedTest)
09-22 15:03:04.540  2600  3001 I TestRunner: started: persistedSettingsAndRulesDrivePipelineWhileMonitoringOffSuppresses(com.personal.cameraalarm.V1IntegrationInstrumentedTest)
09-22 15:03:04.601  2600  3001 I CameraAlarm: TRIGGER_MATCHED token=7bcecc98-e352-45af-8794-f471eb1a6d03 epoch_ms=1790064184601 elapsed_ms=136002 session=d767a4af-32ec-4c46-99c4-2823abce66ff deadline_ms=null delay_ms=null overdue_ms=null rule=instrumented-runtime-rule package=com.camera.instrumented
09-22 15:03:04.609  2600  3001 I CameraAlarm: ALARM_PENDING_CREATED token=7bcecc98-e352-45af-8794-f471eb1a6d03 epoch_ms=1790064184609 elapsed_ms=136009 session=d767a4af-32ec-4c46-99c4-2823abce66ff deadline_ms=1790064189603 delay_ms=5000 overdue_ms=0 attempt=0
09-22 15:03:04.610  2600  3001 I CameraAlarm: OS_ALARM_REGISTERED token=7bcecc98-e352-45af-8794-f471eb1a6d03 epoch_ms=1790064184610 elapsed_ms=136010 session=d767a4af-32ec-4c46-99c4-2823abce66ff deadline_ms=null delay_ms=null overdue_ms=null deadline_ms=1790064189603 mode=alarm_clock
09-22 15:03:04.610  2600  3001 I CameraAlarm: EXACT_ALARM_SCHEDULED token=7bcecc98-e352-45af-8794-f471eb1a6d03 epoch_ms=1790064184610 elapsed_ms=136010 session=d767a4af-32ec-4c46-99c4-2823abce66ff deadline_ms=1790064189603 delay_ms=5000 overdue_ms=0 attempt=0
09-22 15:03:04.610  2600  3001 D CameraAlarm: decision=SCHEDULED source=com.camera.instrumented
09-22 15:03:04.725  2600  3001 I TestRunner: finished: persistedSettingsAndRulesDrivePipelineWhileMonitoringOffSuppresses(com.personal.cameraalarm.V1IntegrationInstrumentedTest)
09-22 15:03:04.728  2600  3001 I TestRunner: started: settingsPersistAcrossRepositoryRecreation(com.personal.cameraalarm.V1IntegrationInstrumentedTest)
09-22 15:03:04.853  2600  3001 I TestRunner: finished: settingsPersistAcrossRepositoryRecreation(com.personal.cameraalarm.V1IntegrationInstrumentedTest)
09-22 15:03:04.855  2600  3001 I TestRunner: started: pendingStatePersistsButOrphanRingingStateIsCleared(com.personal.cameraalarm.V1IntegrationInstrumentedTest)
09-22 15:03:04.880  2600  3001 I TestRunner: finished: pendingStatePersistsButOrphanRingingStateIsCleared(com.personal.cameraalarm.V1IntegrationInstrumentedTest)
09-22 15:03:04.881  2600  3001 I TestRunner: started: roomRulesAndHistoryPersistAcrossDatabaseReopen(com.personal.cameraalarm.V1IntegrationInstrumentedTest)
09-22 15:03:04.910  2600  3001 I TestRunner: finished: roomRulesAndHistoryPersistAcrossDatabaseReopen(com.personal.cameraalarm.V1IntegrationInstrumentedTest)
09-22 15:03:04.911  2600  3001 I TestRunner: run finished: 28 tests, 0 failed, 0 ignored
