Warning: SDK processing. This version only understands SDK XML versions up to 3 but an SDK XML file of version 4 was encountered. This can happen if you use versions of Android Studio and the command-line tools that were released at different times.
> Task :app:checkKotlinGradlePluginConfigurationErrors SKIPPED
> Task :app:preBuild UP-TO-DATE
> Task :app:preDebugBuild UP-TO-DATE
> Task :app:generateDebugBuildConfig
> Task :app:generateDebugResValues
> Task :app:checkDebugAarMetadata
> Task :app:mapDebugSourceSetPaths
> Task :app:generateDebugResources
> Task :app:packageDebugResources
> Task :app:createDebugCompatibleScreenManifests
> Task :app:extractDeepLinksDebug
> Task :app:parseDebugLocalResources
> Task :app:processDebugMainManifest
> Task :app:processDebugManifest
> Task :app:processDebugManifestForPackage
> Task :app:preDebugUnitTestBuild UP-TO-DATE
> Task :app:javaPreCompileDebugUnitTest
> Task :app:javaPreCompileDebug
> Task :app:buildKotlinToolingMetadata
> Task :app:preReleaseBuild UP-TO-DATE
> Task :app:generateReleaseBuildConfig
> Task :app:generateReleaseResValues
> Task :app:checkReleaseAarMetadata
> Task :app:mapReleaseSourceSetPaths
> Task :app:generateReleaseResources
> Task :app:mergeDebugResources
> Task :app:packageReleaseResources
> Task :app:createReleaseCompatibleScreenManifests
> Task :app:extractDeepLinksRelease
> Task :app:parseReleaseLocalResources
> Task :app:processReleaseMainManifest
> Task :app:processReleaseManifest
> Task :app:preReleaseUnitTestBuild UP-TO-DATE
> Task :fake-camera:checkKotlinGradlePluginConfigurationErrors SKIPPED
> Task :app:javaPreCompileReleaseUnitTest
> Task :fake-camera:preBuild UP-TO-DATE
> Task :fake-camera:preDebugBuild UP-TO-DATE
> Task :app:javaPreCompileRelease
> Task :app:processDebugResources
> Task :fake-camera:checkDebugAarMetadata
> Task :app:mergeReleaseResources
> Task :fake-camera:generateDebugResValues
> Task :fake-camera:mapDebugSourceSetPaths
> Task :fake-camera:generateDebugResources
> Task :fake-camera:packageDebugResources
> Task :fake-camera:parseDebugLocalResources
> Task :fake-camera:createDebugCompatibleScreenManifests
> Task :fake-camera:extractDeepLinksDebug
> Task :fake-camera:processDebugMainManifest
> Task :fake-camera:processDebugManifest
> Task :fake-camera:javaPreCompileDebug
> Task :fake-camera:processDebugManifestForPackage
> Task :fake-camera:preDebugUnitTestBuild UP-TO-DATE
> Task :fake-camera:javaPreCompileDebugUnitTest
> Task :fake-camera:buildKotlinToolingMetadata
> Task :fake-camera:preReleaseBuild UP-TO-DATE
> Task :fake-camera:generateReleaseResValues
> Task :fake-camera:checkReleaseAarMetadata
> Task :fake-camera:mapReleaseSourceSetPaths
> Task :fake-camera:generateReleaseResources
> Task :fake-camera:packageReleaseResources
> Task :fake-camera:parseReleaseLocalResources
> Task :fake-camera:createReleaseCompatibleScreenManifests
> Task :fake-camera:extractDeepLinksRelease
> Task :fake-camera:processReleaseMainManifest
> Task :fake-camera:processReleaseManifest
> Task :fake-camera:preReleaseUnitTestBuild UP-TO-DATE
> Task :fake-camera:javaPreCompileRelease
> Task :fake-camera:javaPreCompileReleaseUnitTest
> Task :app:processReleaseManifestForPackage
> Task :fake-camera:processReleaseManifestForPackage
> Task :fake-camera:mergeDebugResources
> Task :app:processReleaseResources
> Task :fake-camera:processDebugResources
> Task :fake-camera:mergeReleaseResources
> Task :fake-camera:processReleaseResources
> Task :app:kspReleaseKotlin
> Task :app:kspDebugKotlin
> Task :fake-camera:compileReleaseKotlin
> Task :fake-camera:compileDebugKotlin
> Task :fake-camera:compileReleaseJavaWithJavac NO-SOURCE
> Task :fake-camera:compileDebugJavaWithJavac NO-SOURCE
> Task :fake-camera:bundleDebugClassesToCompileJar
> Task :fake-camera:bundleDebugClassesToRuntimeJar
> Task :fake-camera:processDebugJavaRes
> Task :fake-camera:processReleaseJavaRes
> Task :fake-camera:bundleReleaseClassesToRuntimeJar
> Task :fake-camera:bundleReleaseClassesToCompileJar
> Task :fake-camera:compileDebugUnitTestKotlin
> Task :fake-camera:compileDebugUnitTestJavaWithJavac NO-SOURCE
> Task :fake-camera:compileReleaseUnitTestKotlin
> Task :fake-camera:processDebugUnitTestJavaRes
> Task :fake-camera:testDebugUnitTest
> Task :fake-camera:compileReleaseUnitTestJavaWithJavac NO-SOURCE
> Task :fake-camera:processReleaseUnitTestJavaRes
> Task :fake-camera:testReleaseUnitTest
> Task :fake-camera:test
> Task :app:compileDebugKotlin
> Task :app:compileReleaseKotlin
> Task :app:compileReleaseJavaWithJavac
> Task :app:compileDebugJavaWithJavac
> Task :app:processDebugJavaRes
> Task :app:processReleaseJavaRes
> Task :app:bundleDebugClassesToRuntimeJar
> Task :app:bundleDebugClassesToCompileJar
> Task :app:bundleReleaseClassesToRuntimeJar
> Task :app:bundleReleaseClassesToCompileJar
> Task :app:kspDebugUnitTestKotlin
> Task :app:kspReleaseUnitTestKotlin
> Task :app:compileDebugUnitTestKotlin
> Task :app:compileDebugUnitTestJavaWithJavac NO-SOURCE
> Task :app:compileReleaseUnitTestKotlin
> Task :app:processDebugUnitTestJavaRes
> Task :app:testDebugUnitTest
> Task :app:compileReleaseUnitTestJavaWithJavac NO-SOURCE
> Task :app:processReleaseUnitTestJavaRes
> Task :app:testReleaseUnitTest
> Task :app:test

BUILD SUCCESSFUL in 1m 31s
98 actionable tasks: 98 executed
