--------- beginning of main
09-22 15:03:53.085  4502  4502 I CameraAlarm: FOREGROUND_SERVICE_STARTED: token=test-first
09-22 15:03:53.095  4502  4502 I CameraAlarm: FOREGROUND_SERVICE_STARTED token=test-first epoch_ms=1790064233095 elapsed_ms=184496 session=259fcc83-1f75-4dff-bfac-9e7e10efec94 deadline_ms=null delay_ms=null overdue_ms=null 
09-22 15:03:53.144  4502  4502 I CameraAlarm: ALARM_TIMING foreground_ms=65 token=test-first
09-22 15:03:53.541  4502  4502 I CameraAlarm: AUDIO_STARTED: key=alarm_warning_aloud resId=2131296260
09-22 15:03:53.541  4502  4502 I CameraAlarm: AUDIO_STARTED: token=test-first
09-22 15:03:53.557  4502  4502 I CameraAlarm: AUDIO_STARTED token=test-first epoch_ms=1790064233557 elapsed_ms=184958 session=259fcc83-1f75-4dff-bfac-9e7e10efec94 deadline_ms=null delay_ms=null overdue_ms=null 
09-22 15:03:53.558  4502  4502 I CameraAlarm: ALARM_TIMING runtime_started_ms=480 token=test-first
09-22 15:03:53.738  4502  4502 I CameraAlarm: ALARMACTIVITY_CREATED: token=test-first
09-22 15:03:55.647  4502  4502 I CameraAlarm: STOP_RECEIVER_FIRED: token=test-first
09-22 15:03:58.489  4502  4502 I CameraAlarm: FOREGROUND_SERVICE_STARTED: token=test-language
09-22 15:03:58.490  4502  4502 I CameraAlarm: FOREGROUND_SERVICE_STARTED token=test-language epoch_ms=1790064238490 elapsed_ms=189890 session=259fcc83-1f75-4dff-bfac-9e7e10efec94 deadline_ms=null delay_ms=null overdue_ms=null 
09-22 15:03:58.587  4502  4502 I CameraAlarm: ALARM_TIMING foreground_ms=101 token=test-language
09-22 15:03:58.756  4502  4502 I CameraAlarm: AUDIO_STARTED: key=alarm_warning_aloud resId=2131296260
09-22 15:03:58.756  4502  4502 I CameraAlarm: AUDIO_STARTED: token=test-language
09-22 15:03:58.766  4502  4502 I CameraAlarm: AUDIO_STARTED token=test-language epoch_ms=1790064238766 elapsed_ms=190167 session=259fcc83-1f75-4dff-bfac-9e7e10efec94 deadline_ms=null delay_ms=null overdue_ms=null 
09-22 15:03:58.766  4502  4502 I CameraAlarm: ALARM_TIMING runtime_started_ms=281 token=test-language
09-22 15:03:59.745  4502  4502 I CameraAlarm: ALARMACTIVITY_CREATED: token=test-language
09-22 15:04:01.086  4502  4502 I CameraAlarm: STOP_RECEIVER_FIRED: token=test-language
09-22 15:04:55.164  4788  4788 I CameraAlarm: FOREGROUND_SERVICE_STARTED: token=test-1790064295146
09-22 15:04:55.166  4788  4788 I CameraAlarm: FOREGROUND_SERVICE_STARTED token=test-1790064295146 epoch_ms=1790064295166 elapsed_ms=246567 session=99e18a92-c109-4947-a0fe-0c89a3d879d7 deadline_ms=null delay_ms=null overdue_ms=null 
09-22 15:04:55.184  4788  4788 I CameraAlarm: ALARM_TIMING foreground_ms=26 token=test-1790064295146
09-22 15:04:55.324  4788  4788 I CameraAlarm: AUDIO_STARTED: key=alarm_warning_aloud resId=2131296260
09-22 15:04:55.324  4788  4788 I CameraAlarm: AUDIO_STARTED: token=test-1790064295146
09-22 15:04:55.337  4788  4788 I CameraAlarm: AUDIO_STARTED token=test-1790064295146 epoch_ms=1790064295337 elapsed_ms=246737 session=99e18a92-c109-4947-a0fe-0c89a3d879d7 deadline_ms=null delay_ms=null overdue_ms=null 
09-22 15:04:55.342  4788  4788 I CameraAlarm: ALARM_TIMING runtime_started_ms=184 token=test-1790064295146
09-22 15:04:55.809  4788  4788 I CameraAlarm: ALARMACTIVITY_CREATED: token=test-1790064295146
09-22 15:05:18.449  4788  4788 I CameraAlarm: STOP_RECEIVER_FIRED: token=test-1790064295146
09-22 15:08:25.535  5083  5083 I CameraAlarm: NOTIFICATION_RECEIVED: pkg=com.personal.fakecamera id=1001
09-22 15:08:25.553  5083  5083 I CameraAlarm: NOTIFICATION_RECEIVED token=00fd4dc6-19f1-424d-9835-647bdd3b845f epoch_ms=1790064505553 elapsed_ms=456954 session=658e8cfd-70cf-412f-86dd-d608766c26e1 deadline_ms=null delay_ms=null overdue_ms=null package=com.personal.fakecamera id=1001
09-22 15:08:25.942  5083  5107 I CameraAlarm: TRIGGER_MATCHED token=00fd4dc6-19f1-424d-9835-647bdd3b845f epoch_ms=1790064505942 elapsed_ms=457343 session=658e8cfd-70cf-412f-86dd-d608766c26e1 deadline_ms=null delay_ms=null overdue_ms=null rule=reboot-e2e package=com.personal.fakecamera
09-22 15:08:26.161  5083  5108 I CameraAlarm: ALARM_PENDING_CREATED token=00fd4dc6-19f1-424d-9835-647bdd3b845f epoch_ms=1790064506161 elapsed_ms=457561 session=658e8cfd-70cf-412f-86dd-d608766c26e1 deadline_ms=1790064508962 delay_ms=3000 overdue_ms=0 attempt=0
09-22 15:08:26.171  5083  5108 I CameraAlarm: OS_ALARM_REGISTERED token=00fd4dc6-19f1-424d-9835-647bdd3b845f epoch_ms=1790064506171 elapsed_ms=457572 session=658e8cfd-70cf-412f-86dd-d608766c26e1 deadline_ms=null delay_ms=null overdue_ms=null deadline_ms=1790064508962 mode=alarm_clock
09-22 15:08:26.172  5083  5108 I CameraAlarm: EXACT_ALARM_SCHEDULED token=00fd4dc6-19f1-424d-9835-647bdd3b845f epoch_ms=1790064506172 elapsed_ms=457572 session=658e8cfd-70cf-412f-86dd-d608766c26e1 deadline_ms=1790064508962 delay_ms=3000 overdue_ms=0 attempt=0
09-22 15:08:31.169  5083  5083 I CameraAlarm: ALARM_RECEIVER_ENTRY token=00fd4dc6-19f1-424d-9835-647bdd3b845f epoch_ms=1790064511169 elapsed_ms=462570 session=658e8cfd-70cf-412f-86dd-d608766c26e1 deadline_ms=null delay_ms=null overdue_ms=null elapsed_ms=462570
09-22 15:08:31.193  5083  5772 I CameraAlarm: ALARM_RECEIVER_FIRED token=00fd4dc6-19f1-424d-9835-647bdd3b845f epoch_ms=1790064511192 elapsed_ms=462593 session=658e8cfd-70cf-412f-86dd-d608766c26e1 deadline_ms=1790064508962 delay_ms=3000 overdue_ms=2230 attempt=0
09-22 15:08:31.213  5083  5741 I CameraAlarm: RINGING token=00fd4dc6-19f1-424d-9835-647bdd3b845f epoch_ms=1790064511212 elapsed_ms=462613 session=658e8cfd-70cf-412f-86dd-d608766c26e1 deadline_ms=1790064508962 delay_ms=3000 overdue_ms=2250 attempt=0
09-22 15:08:31.241  5083  5741 I CameraAlarm: SERVICE_REQUESTED token=00fd4dc6-19f1-424d-9835-647bdd3b845f epoch_ms=1790064511241 elapsed_ms=462641 session=658e8cfd-70cf-412f-86dd-d608766c26e1 deadline_ms=1790064508962 delay_ms=3000 overdue_ms=2279 
09-22 15:08:31.258  5083  5083 I CameraAlarm: FOREGROUND_SERVICE_STARTED: token=00fd4dc6-19f1-424d-9835-647bdd3b845f
09-22 15:08:31.258  5083  5083 I CameraAlarm: FOREGROUND_SERVICE_STARTED token=00fd4dc6-19f1-424d-9835-647bdd3b845f epoch_ms=1790064511258 elapsed_ms=462658 session=658e8cfd-70cf-412f-86dd-d608766c26e1 deadline_ms=1790064508962 delay_ms=3000 overdue_ms=2296 
09-22 15:08:31.297  5083  5083 I CameraAlarm: ALARM_TIMING foreground_ms=52 token=00fd4dc6-19f1-424d-9835-647bdd3b845f
09-22 15:08:31.351  5083  5083 I CameraAlarm: AUDIO_STARTED: key=alarm_warning_aloud resId=2131296260
09-22 15:08:31.351  5083  5083 I CameraAlarm: AUDIO_STARTED: token=00fd4dc6-19f1-424d-9835-647bdd3b845f
09-22 15:08:31.359  5083  5083 I CameraAlarm: AUDIO_STARTED token=00fd4dc6-19f1-424d-9835-647bdd3b845f epoch_ms=1790064511359 elapsed_ms=462759 session=658e8cfd-70cf-412f-86dd-d608766c26e1 deadline_ms=1790064508962 delay_ms=3000 overdue_ms=2397 
09-22 15:08:31.359  5083  5083 I CameraAlarm: ALARM_TIMING runtime_started_ms=114 token=00fd4dc6-19f1-424d-9835-647bdd3b845f
09-22 15:08:31.520  5083  5083 I CameraAlarm: NOTIFICATION_RECEIVED: pkg=com.personal.cameraalarm id=1
09-22 15:08:31.521  5083  5083 I CameraAlarm: NOTIFICATION_RECEIVED token=521c4821-a954-4e22-9ecd-e530f3b4df2e epoch_ms=1790064511521 elapsed_ms=462921 session=658e8cfd-70cf-412f-86dd-d608766c26e1 deadline_ms=null delay_ms=null overdue_ms=null package=com.personal.cameraalarm id=1
09-22 15:09:12.236  5083  5083 I CameraAlarm: ALARMACTIVITY_CREATED: token=00fd4dc6-19f1-424d-9835-647bdd3b845f
09-22 15:09:12.390  5083  5083 I CameraAlarm: STOP_RECEIVER_FIRED: token=00fd4dc6-19f1-424d-9835-647bdd3b845f
