--------- beginning of main
09-22 08:52:46.049  3130  3570 I TestRunner: run started: 28 tests
09-22 08:52:46.050  3130  3570 I TestRunner: started: tokenPendingIntentCanBeFoundAndCancelledWithoutCancellingAnotherToken(com.personal.cameraalarm.AlarmSchedulerInstrumentedTest)
09-22 08:52:46.066  3130  3570 I CameraAlarm: OS_ALARM_REGISTERED token=instrumented-test epoch_ms=1790041966066 elapsed_ms=62149 session=1617c0d7-e14e-42ee-87f0-af606524e19a deadline_ms=null delay_ms=null overdue_ms=null deadline_ms=1790042026061 mode=alarm_clock
09-22 08:52:46.068  3130  3570 I TestRunner: finished: tokenPendingIntentCanBeFoundAndCancelledWithoutCancellingAnotherToken(com.personal.cameraalarm.AlarmSchedulerInstrumentedTest)
09-22 08:52:46.075  3130  3570 I TestRunner: started: secondStartCannotReplaceStopActionForActiveAlarm(com.personal.cameraalarm.AlarmStopInstrumentedTest)
09-22 08:52:46.325  3130  3570 I StopProbe: START_FIRST elapsed=62407
09-22 08:52:46.363  3130  3130 I CameraAlarm: FOREGROUND_SERVICE_STARTED: token=test-first
09-22 08:52:46.402  3130  3130 I CameraAlarm: FOREGROUND_SERVICE_STARTED token=test-first epoch_ms=1790041966401 elapsed_ms=62484 session=1617c0d7-e14e-42ee-87f0-af606524e19a deadline_ms=null delay_ms=null overdue_ms=null 
09-22 08:52:46.424  3130  3130 I CameraAlarm: ALARM_TIMING foreground_ms=74 token=test-first
09-22 08:52:46.691  3130  3130 I CameraAlarm: AUDIO_STARTED: key=alarm_warning_aloud resId=2131296260
09-22 08:52:46.712  3130  3130 D CameraAlarm: Alarm sound:
09-22 08:52:46.712  3130  3130 D CameraAlarm: selected key: alarm_warning_aloud
09-22 08:52:46.712  3130  3130 D CameraAlarm: resolved resource: 2131296260
09-22 08:52:46.712  3130  3130 D CameraAlarm: prepare result: success
09-22 08:52:46.712  3130  3130 D CameraAlarm: play result: success
09-22 08:52:46.713  3130  3130 I CameraAlarm: AUDIO_STARTED: token=test-first
09-22 08:52:46.748  3130  3130 I CameraAlarm: AUDIO_STARTED token=test-first epoch_ms=1790041966748 elapsed_ms=62831 session=1617c0d7-e14e-42ee-87f0-af606524e19a deadline_ms=null delay_ms=null overdue_ms=null 
09-22 08:52:46.749  3130  3130 I CameraAlarm: ALARM_TIMING runtime_started_ms=399 token=test-first
09-22 08:52:47.258  3130  3130 I CameraAlarm: ALARMACTIVITY_CREATED: token=test-first
09-22 08:52:47.884  3130  3570 I StopProbe: ACTIVITY_RESUMED elapsed=63966
09-22 08:52:49.852  3130  3570 I StopProbe: MAIN_IDLE elapsed=65935
09-22 08:52:49.863  3130  3570 I StopProbe: SEND_STOP elapsed=65946
09-22 08:52:49.871  3130  3570 I StopProbe: SENT_STOP elapsed=65953
09-22 08:52:49.951  3130  3130 I CameraAlarm: STOP_RECEIVER_FIRED: token=test-first
09-22 08:52:50.121  3130  3130 D CameraAlarm: runtime stopped token=test-first
09-22 08:52:50.214  3130  3570 I TestRunner: finished: secondStartCannotReplaceStopActionForActiveAlarm(com.personal.cameraalarm.AlarmStopInstrumentedTest)
09-22 08:52:50.228  3130  3130 D CameraAlarm: runtime stopped token=test-first
09-22 08:52:51.810  3130  3570 I TestRunner: started: realDataStoreInvalidatesAllPreviousBootStatesAndKeepsCurrentBootPending(com.personal.cameraalarm.BootStateStoreInstrumentedTest)
09-22 08:52:52.099  3130  3570 I TestRunner: finished: realDataStoreInvalidatesAllPreviousBootStatesAndKeepsCurrentBootPending(com.personal.cameraalarm.BootStateStoreInstrumentedTest)
09-22 08:52:52.101  3130  3570 I TestRunner: started: currentSnapshotTransactionCannotEraseNewBootWrite(com.personal.cameraalarm.BootStateStoreInstrumentedTest)
09-22 08:52:54.068  3130  3570 I TestRunner: finished: currentSnapshotTransactionCannotEraseNewBootWrite(com.personal.cameraalarm.BootStateStoreInstrumentedTest)
09-22 08:52:54.070  3130  3570 I TestRunner: started: triggerRuleDaoCrud(com.personal.cameraalarm.DatabaseInstrumentedTest)
09-22 08:52:54.179  3130  3570 I TestRunner: finished: triggerRuleDaoCrud(com.personal.cameraalarm.DatabaseInstrumentedTest)
09-22 08:52:54.184  3130  3570 I TestRunner: started: alertEventDaoPrunesByMaximumCountAndKeepsPaginationStable(com.personal.cameraalarm.DatabaseInstrumentedTest)
09-22 08:52:54.298  3130  3570 I TestRunner: finished: alertEventDaoPrunesByMaximumCountAndKeepsPaginationStable(com.personal.cameraalarm.DatabaseInstrumentedTest)
09-22 08:52:54.310  3130  3570 I TestRunner: started: alertEventDaoCapsSuppressedEventsWithoutRemovingTriggeredEvents(com.personal.cameraalarm.DatabaseInstrumentedTest)
09-22 08:52:54.435  3130  3570 I TestRunner: finished: alertEventDaoCapsSuppressedEventsWithoutRemovingTriggeredEvents(com.personal.cameraalarm.DatabaseInstrumentedTest)
09-22 08:52:54.446  3130  3570 I TestRunner: started: alertEventDaoPrunesEventsOutsideRetentionWindow(com.personal.cameraalarm.DatabaseInstrumentedTest)
09-22 08:52:54.480  3130  3570 I TestRunner: finished: alertEventDaoPrunesEventsOutsideRetentionWindow(com.personal.cameraalarm.DatabaseInstrumentedTest)
09-22 08:52:54.489  3130  3570 I TestRunner: started: ruleSettingsAndOemGuidanceResolveInEnglishAndVietnamese(com.personal.cameraalarm.LocalizationInstrumentedTest)
09-22 08:52:54.540  3130  3570 I TestRunner: finished: ruleSettingsAndOemGuidanceResolveInEnglishAndVietnamese(com.personal.cameraalarm.LocalizationInstrumentedTest)
09-22 08:52:54.544  3130  3570 I TestRunner: started: bootReceiverIsNotExportedToThirdPartyApps(com.personal.cameraalarm.ManifestSecurityInstrumentedTest)
09-22 08:52:54.550  3130  3570 I TestRunner: finished: bootReceiverIsNotExportedToThirdPartyApps(com.personal.cameraalarm.ManifestSecurityInstrumentedTest)
09-22 08:52:54.553  3130  3570 I TestRunner: started: lostOsDeliveryRetriesAutonomouslyAndLateCallbackCannotClaimReplacement(com.personal.cameraalarm.PendingDeliveryInstrumentedTest)
09-22 08:52:54.596  3130  3570 I CameraAlarm: ALARM_PENDING_CREATED token=lost-delivery-70649186629 epoch_ms=1790041974596 elapsed_ms=70679 session=1617c0d7-e14e-42ee-87f0-af606524e19a deadline_ms=1790041975582 delay_ms=1000 overdue_ms=0 attempt=0
09-22 08:52:54.606  3130  3570 I CameraAlarm: OS_ALARM_REGISTERED token=lost-delivery-70649186629 epoch_ms=1790041974606 elapsed_ms=70689 session=1617c0d7-e14e-42ee-87f0-af606524e19a deadline_ms=null delay_ms=null overdue_ms=null deadline_ms=1790041975582 mode=alarm_clock
09-22 08:52:54.610  3130  3570 I CameraAlarm: EXACT_ALARM_SCHEDULED token=lost-delivery-70649186629 epoch_ms=1790041974607 elapsed_ms=70689 session=1617c0d7-e14e-42ee-87f0-af606524e19a deadline_ms=1790041975582 delay_ms=1000 overdue_ms=0 attempt=0
09-22 08:53:05.600  3130  3582 I CameraAlarm: PENDING_RETIRED token=lost-delivery-70649186629 epoch_ms=1790041985600 elapsed_ms=81682 session=1617c0d7-e14e-42ee-87f0-af606524e19a deadline_ms=1790041975582 delay_ms=1000 overdue_ms=10018 Pending overdue; attempt=0
09-22 08:53:05.603  3130  3582 I CameraAlarm: PENDING_RECOVERY token=a67dbdc4-f8d7-465b-bf83-095d00723c7d epoch_ms=1790041985603 elapsed_ms=81686 session=1617c0d7-e14e-42ee-87f0-af606524e19a deadline_ms=1790041985600 delay_ms=1000 overdue_ms=3 replaces=lost-delivery-70649186629
09-22 08:53:05.612  3130  3582 I CameraAlarm: ALARM_PENDING_CREATED token=a67dbdc4-f8d7-465b-bf83-095d00723c7d epoch_ms=1790041985612 elapsed_ms=81695 session=1617c0d7-e14e-42ee-87f0-af606524e19a deadline_ms=1790041985600 delay_ms=1000 overdue_ms=12 attempt=1
09-22 08:53:05.616  3130  3582 I CameraAlarm: OS_ALARM_REGISTERED token=a67dbdc4-f8d7-465b-bf83-095d00723c7d epoch_ms=1790041985616 elapsed_ms=81698 session=1617c0d7-e14e-42ee-87f0-af606524e19a deadline_ms=null delay_ms=null overdue_ms=null deadline_ms=1790041985600 mode=alarm_clock
09-22 08:53:05.616  3130  3582 I CameraAlarm: EXACT_ALARM_SCHEDULED token=a67dbdc4-f8d7-465b-bf83-095d00723c7d epoch_ms=1790041985616 elapsed_ms=81699 session=1617c0d7-e14e-42ee-87f0-af606524e19a deadline_ms=1790041985600 delay_ms=1000 overdue_ms=16 attempt=1
09-22 08:53:10.631  3130  3130 I CameraAlarm: ALARM_RECEIVER_ENTRY token=a67dbdc4-f8d7-465b-bf83-095d00723c7d epoch_ms=1790041990631 elapsed_ms=86713 session=1617c0d7-e14e-42ee-87f0-af606524e19a deadline_ms=null delay_ms=null overdue_ms=null elapsed_ms=86713
09-22 08:53:10.636  3130  3582 I CameraAlarm: ALARM_RECEIVER_FIRED token=a67dbdc4-f8d7-465b-bf83-095d00723c7d epoch_ms=1790041990636 elapsed_ms=86719 session=1617c0d7-e14e-42ee-87f0-af606524e19a deadline_ms=1790041985600 delay_ms=1000 overdue_ms=5036 attempt=1
09-22 08:53:10.644  3130  3582 I CameraAlarm: RINGING token=a67dbdc4-f8d7-465b-bf83-095d00723c7d epoch_ms=1790041990644 elapsed_ms=86727 session=1617c0d7-e14e-42ee-87f0-af606524e19a deadline_ms=1790041985600 delay_ms=1000 overdue_ms=5044 attempt=1
09-22 08:53:10.654  3130  3582 I CameraAlarm: SERVICE_REQUESTED token=a67dbdc4-f8d7-465b-bf83-095d00723c7d epoch_ms=1790041990654 elapsed_ms=86736 session=1617c0d7-e14e-42ee-87f0-af606524e19a deadline_ms=1790041985600 delay_ms=1000 overdue_ms=5054 
09-22 08:53:10.657  3130  3570 I CameraAlarm: STALE_ALARM token=null epoch_ms=1790041990657 elapsed_ms=86739 session=1617c0d7-e14e-42ee-87f0-af606524e19a deadline_ms=null delay_ms=null overdue_ms=null token=lost-delivery-70649186629
09-22 08:53:10.663  3130  3130 I CameraAlarm: FOREGROUND_SERVICE_STARTED: token=a67dbdc4-f8d7-465b-bf83-095d00723c7d
09-22 08:53:10.664  3130  3130 I CameraAlarm: FOREGROUND_SERVICE_STARTED token=a67dbdc4-f8d7-465b-bf83-095d00723c7d epoch_ms=1790041990663 elapsed_ms=86746 session=1617c0d7-e14e-42ee-87f0-af606524e19a deadline_ms=1790041985600 delay_ms=1000 overdue_ms=5063 
09-22 08:53:10.737  3130  3130 I CameraAlarm: ALARM_TIMING foreground_ms=78 token=a67dbdc4-f8d7-465b-bf83-095d00723c7d
09-22 08:53:10.934  3130  3130 I CameraAlarm: AUDIO_STARTED: key=alarm_warning_aloud resId=2131296260
09-22 08:53:10.934  3130  3130 D CameraAlarm: Alarm sound:
09-22 08:53:10.934  3130  3130 D CameraAlarm: selected key: alarm_warning_aloud
09-22 08:53:10.934  3130  3130 D CameraAlarm: resolved resource: 2131296260
09-22 08:53:10.934  3130  3130 D CameraAlarm: prepare result: success
09-22 08:53:10.934  3130  3130 D CameraAlarm: play result: success
09-22 08:53:10.934  3130  3130 I CameraAlarm: AUDIO_STARTED: token=a67dbdc4-f8d7-465b-bf83-095d00723c7d
09-22 08:53:10.942  3130  3130 I CameraAlarm: AUDIO_STARTED token=a67dbdc4-f8d7-465b-bf83-095d00723c7d epoch_ms=1790041990942 elapsed_ms=87024 session=1617c0d7-e14e-42ee-87f0-af606524e19a deadline_ms=1790041985600 delay_ms=1000 overdue_ms=5342 
09-22 08:53:10.942  3130  3130 I CameraAlarm: ALARM_TIMING runtime_started_ms=284 token=a67dbdc4-f8d7-465b-bf83-095d00723c7d
09-22 08:53:10.943  3130  3130 I CameraAlarm: FULLSCREEN_INTENT_SENT: token=a67dbdc4-f8d7-465b-bf83-095d00723c7d
09-22 08:53:11.349  3130  3130 I CameraAlarm: Direct startActivity called for token=a67dbdc4-f8d7-465b-bf83-095d00723c7d
09-22 08:53:11.416  3130  3130 I CameraAlarm: ALARMACTIVITY_CREATED: token=a67dbdc4-f8d7-465b-bf83-095d00723c7d
09-22 08:53:11.475  3130  3570 I TestRunner: finished: lostOsDeliveryRetriesAutonomouslyAndLateCallbackCannotClaimReplacement(com.personal.cameraalarm.PendingDeliveryInstrumentedTest)
09-22 08:53:11.522  3130  3570 I TestRunner: started: prepare(com.personal.cameraalarm.RebootScenarioPreparation)
09-22 08:53:11.575  3130  3570 E TestRunner: assumption failed: prepare(com.personal.cameraalarm.RebootScenarioPreparation)
09-22 08:53:11.619  3130  3570 E TestRunner: ----- begin exception -----
09-22 08:53:11.619  3130  3570 E TestRunner: org.junit.AssumptionViolatedException: got: <false>, expected: is <true>
09-22 08:53:11.619  3130  3570 E TestRunner: 	at org.junit.Assume.assumeThat(Assume.java:106)
09-22 08:53:11.619  3130  3570 E TestRunner: 	at org.junit.Assume.assumeTrue(Assume.java:50)
09-22 08:53:11.619  3130  3570 E TestRunner: 	at com.personal.cameraalarm.RebootScenarioPreparation$prepare$1.invokeSuspend(RebootScenarioPreparation.kt:20)
09-22 08:53:11.619  3130  3570 E TestRunner: 	at kotlin.coroutines.jvm.internal.BaseContinuationImpl.resumeWith(ContinuationImpl.kt:33)
09-22 08:53:11.619  3130  3570 E TestRunner: 	at kotlinx.coroutines.DispatchedTask.run(DispatchedTask.kt:101)
09-22 08:53:11.619  3130  3570 E TestRunner: 	at kotlinx.coroutines.EventLoopImplBase.processNextEvent(EventLoop.common.kt:263)
09-22 08:53:11.619  3130  3570 E TestRunner: 	at kotlinx.coroutines.BlockingCoroutine.joinBlocking(Builders.kt:95)
09-22 08:53:11.619  3130  3570 E TestRunner: 	at kotlinx.coroutines.BuildersKt__BuildersKt.runBlocking(Builders.kt:69)
09-22 08:53:11.619  3130  3570 E TestRunner: 	at kotlinx.coroutines.BuildersKt.runBlocking(Unknown Source:1)
09-22 08:53:11.619  3130  3570 E TestRunner: 	at kotlinx.coroutines.BuildersKt__BuildersKt.runBlocking$default(Builders.kt:47)
09-22 08:53:11.619  3130  3570 E TestRunner: 	at kotlinx.coroutines.BuildersKt.runBlocking$default(Unknown Source:1)
09-22 08:53:11.619  3130  3570 E TestRunner: 	at com.personal.cameraalarm.RebootScenarioPreparation.prepare(RebootScenarioPreparation.kt:18)
09-22 08:53:11.619  3130  3570 E TestRunner: 	at java.lang.reflect.Method.invoke(Native Method)
09-22 08:53:11.619  3130  3570 E TestRunner: 	at org.junit.runners.model.FrameworkMethod$1.runReflectiveCall(FrameworkMethod.java:59)
09-22 08:53:11.619  3130  3570 E TestRunner: 	at org.junit.internal.runners.model.ReflectiveCallable.run(ReflectiveCallable.java:12)
09-22 08:53:11.619  3130  3570 E TestRunner: 	at org.junit.runners.model.FrameworkMethod.invokeExplosively(FrameworkMethod.java:56)
09-22 08:53:11.619  3130  3570 E TestRunner: 	at org.junit.internal.runners.statements.InvokeMethod.evaluate(InvokeMethod.java:17)
09-22 08:53:11.619  3130  3570 E TestRunner: 	at org.junit.runners.ParentRunner$3.evaluate(ParentRunner.java:306)
09-22 08:53:11.619  3130  3570 E TestRunner: 	at org.junit.runners.BlockJUnit4ClassRunner$1.evaluate(BlockJUnit4ClassRunner.java:100)
09-22 08:53:11.619  3130  3570 E TestRunner: 	at org.junit.runners.ParentRunner.runLeaf(ParentRunner.java:366)
09-22 08:53:11.619  3130  3570 E TestRunner: 	at org.junit.runners.BlockJUnit4ClassRunner.runChild(BlockJUnit4ClassRunner.java:103)
09-22 08:53:11.619  3130  3570 E TestRunner: 	at org.junit.runners.BlockJUnit4ClassRunner.runChild(BlockJUnit4ClassRunner.java:63)
09-22 08:53:11.619  3130  3570 E TestRunner: 	at org.junit.runners.ParentRunner$4.run(ParentRunner.java:331)
09-22 08:53:11.619  3130  3570 E TestRunner: 	at org.junit.runners.ParentRunner$1.schedule(ParentRunner.java:79)
09-22 08:53:11.619  3130  3570 E TestRunner: 	at org.junit.runners.ParentRunner.runChildren(ParentRunner.java:329)
09-22 08:53:11.619  3130  3570 E TestRunner: 	at org.junit.runners.ParentRunner.access$100(ParentRunner.java:66)
09-22 08:53:11.619  3130  3570 E TestRunner: 	at org.junit.runners.ParentRunner$2.evaluate(ParentRunner.java:293)
09-22 08:53:11.619  3130  3570 E TestRunner: 	at org.junit.runners.ParentRunner$3.evaluate(ParentRunner.java:306)
09-22 08:53:11.619  3130  3570 E TestRunner: 	at org.junit.runners.ParentRunner.run(ParentRunner.java:413)
09-22 08:53:11.619  3130  3570 E TestRunner: 	at org.junit.runners.Suite.runChild(Suite.java:128)
09-22 08:53:11.619  3130  3570 E TestRunner: 	at org.junit.runners.Suite.runChild(Suite.java:27)
09-22 08:53:11.619  3130  3570 E TestRunner: 	at org.junit.runners.ParentRunner$4.run(ParentRunner.java:331)
09-22 08:53:11.619  3130  3570 E TestRunner: 	at org.junit.runners.ParentRunner$1.schedule(ParentRunner.java:79)
09-22 08:53:11.619  3130  3570 E TestRunner: 	at org.junit.runners.ParentRunner.runChildren(ParentRunner.java:329)
09-22 08:53:11.619  3130  3570 E TestRunner: 	at org.junit.runners.ParentRunner.access$100(ParentRunner.java:66)
09-22 08:53:11.619  3130  3570 E TestRunner: 	at org.junit.runners.ParentRunner$2.evaluate(ParentRunner.java:293)
09-22 08:53:11.619  3130  3570 E TestRunner: 	at org.junit.runners.ParentRunner$3.evaluate(ParentRunner.java:306)
09-22 08:53:11.619  3130  3570 E TestRunner: 	at org.junit.runners.ParentRunner.run(ParentRunner.java:413)
09-22 08:53:11.619  3130  3570 E TestRunner: 	at org.junit.runner.JUnitCore.run(JUnitCore.java:137)
09-22 08:53:11.619  3130  3570 E TestRunner: 	at org.junit.runner.JUnitCore.run(JUnitCore.java:115)
09-22 08:53:11.619  3130  3570 E TestRunner: 	at androidx.test.internal.runner.TestExecutor.execute(TestExecutor.java:68)
09-22 08:53:11.619  3130  3570 E TestRunner: 	at androidx.test.internal.runner.TestExecutor.execute(TestExecutor.java:59)
09-22 08:53:11.619  3130  3570 E TestRunner: 	at androidx.test.runner.AndroidJUnitRunner.onStart(AndroidJUnitRunner.java:467)
09-22 08:53:11.619  3130  3570 E TestRunner: 	at android.app.Instrumentation$InstrumentationThread.run(Instrumentation.java:2361)
09-22 08:53:11.621  3130  3570 E TestRunner: ----- end exception -----
09-22 08:53:11.623  3130  3570 I TestRunner: finished: prepare(com.personal.cameraalarm.RebootScenarioPreparation)
09-22 08:53:11.683  3130  3570 I TestRunner: started: migration1To2PreservesRulesAndNormalizesPriorityInOldEvaluationOrder(com.personal.cameraalarm.RuleMigrationInstrumentedTest)
09-22 08:53:12.061  3130  3130 D CameraAlarm: runtime stopped token=a67dbdc4-f8d7-465b-bf83-095d00723c7d
09-22 08:53:12.119  3130  3570 I TestRunner: finished: migration1To2PreservesRulesAndNormalizesPriorityInOldEvaluationOrder(com.personal.cameraalarm.RuleMigrationInstrumentedTest)
09-22 08:53:13.471  3130  3570 I TestRunner: started: maximumThreeRulesAndUniquePrioritiesAreEnforced(com.personal.cameraalarm.RuleRepositoryInstrumentedTest)
09-22 08:53:13.512  3130  3570 I TestRunner: finished: maximumThreeRulesAndUniquePrioritiesAreEnforced(com.personal.cameraalarm.RuleRepositoryInstrumentedTest)
09-22 08:53:13.516  3130  3570 I TestRunner: started: deleteDoesNotRenumberRemainingRules(com.personal.cameraalarm.RuleRepositoryInstrumentedTest)
09-22 08:53:13.533  3130  3570 I TestRunner: finished: deleteDoesNotRenumberRemainingRules(com.personal.cameraalarm.RuleRepositoryInstrumentedTest)
09-22 08:53:13.536  3130  3570 I TestRunner: started: editingToOccupiedPrioritySwapsAtomicallyAndPreservesCreatedAt(com.personal.cameraalarm.RuleRepositoryInstrumentedTest)
09-22 08:53:13.556  3130  3570 I TestRunner: finished: editingToOccupiedPrioritySwapsAtomicallyAndPreservesCreatedAt(com.personal.cameraalarm.RuleRepositoryInstrumentedTest)
09-22 08:53:13.558  3130  3570 I TestRunner: started: notificationActionsFollowLanguageEvenWhileAlarmIsActive(com.personal.cameraalarm.SelectedLanguageInstrumentedTest)
09-22 08:53:14.784  3130  3130 I CameraAlarm: FOREGROUND_SERVICE_STARTED: token=test-language
09-22 08:53:14.793  3130  3130 I CameraAlarm: FOREGROUND_SERVICE_STARTED token=test-language epoch_ms=1790041994793 elapsed_ms=90875 session=1617c0d7-e14e-42ee-87f0-af606524e19a deadline_ms=null delay_ms=null overdue_ms=null 
09-22 08:53:14.836  3130  3130 I CameraAlarm: ALARM_TIMING foreground_ms=61 token=test-language
09-22 08:53:14.893  3130  3130 I CameraAlarm: AUDIO_STARTED: key=alarm_warning_aloud resId=2131296260
09-22 08:53:14.893  3130  3130 D CameraAlarm: Alarm sound:
09-22 08:53:14.893  3130  3130 D CameraAlarm: selected key: alarm_warning_aloud
09-22 08:53:14.893  3130  3130 D CameraAlarm: resolved resource: 2131296260
09-22 08:53:14.893  3130  3130 D CameraAlarm: prepare result: success
09-22 08:53:14.893  3130  3130 D CameraAlarm: play result: success
09-22 08:53:14.893  3130  3130 I CameraAlarm: AUDIO_STARTED: token=test-language
09-22 08:53:14.899  3130  3130 I CameraAlarm: AUDIO_STARTED token=test-language epoch_ms=1790041994899 elapsed_ms=90981 session=1617c0d7-e14e-42ee-87f0-af606524e19a deadline_ms=null delay_ms=null overdue_ms=null 
09-22 08:53:14.899  3130  3130 I CameraAlarm: ALARM_TIMING runtime_started_ms=124 token=test-language
09-22 08:53:15.820  3130  3130 I CameraAlarm: ALARMACTIVITY_CREATED: token=test-language
09-22 08:53:16.053  3130  3130 I CameraAlarm: STOP_RECEIVER_FIRED: token=test-language
09-22 08:53:16.122  3130  3130 D CameraAlarm: runtime stopped token=test-language
09-22 08:53:17.550  3130  3570 I TestRunner: finished: notificationActionsFollowLanguageEvenWhileAlarmIsActive(com.personal.cameraalarm.SelectedLanguageInstrumentedTest)
09-22 08:53:18.610  3130  3570 I TestRunner: started: selectedLanguageReachesActivityDialogAndMessages(com.personal.cameraalarm.SelectedLanguageInstrumentedTest)
09-22 08:53:21.955  3130  3570 I TestRunner: finished: selectedLanguageReachesActivityDialogAndMessages(com.personal.cameraalarm.SelectedLanguageInstrumentedTest)
09-22 08:53:21.959  3130  3570 I TestRunner: started: freshStoreUsesOfficialDefaultProfile(com.personal.cameraalarm.SettingsDefaultsInstrumentedTest)
09-22 08:53:22.073  3130  3570 I TestRunner: finished: freshStoreUsesOfficialDefaultProfile(com.personal.cameraalarm.SettingsDefaultsInstrumentedTest)
09-22 08:53:22.075  3130  3570 I TestRunner: started: existingV2StorePreservesFalseWhenUpgradedToV3(com.personal.cameraalarm.SettingsDefaultsInstrumentedTest)
09-22 08:53:22.116  3130  3570 I TestRunner: finished: existingV2StorePreservesFalseWhenUpgradedToV3(com.personal.cameraalarm.SettingsDefaultsInstrumentedTest)
09-22 08:53:22.134  3130  3570 I TestRunner: started: existingStoreWithoutVersionPreservesOldEffectiveDefaults(com.personal.cameraalarm.SettingsDefaultsInstrumentedTest)
09-22 08:53:22.167  3130  3570 I TestRunner: finished: existingStoreWithoutVersionPreservesOldEffectiveDefaults(com.personal.cameraalarm.SettingsDefaultsInstrumentedTest)
09-22 08:53:22.177  3130  3570 I TestRunner: started: resetPersistsOfficialDefaultsAcrossRepositoryRecreation(com.personal.cameraalarm.SettingsDefaultsInstrumentedTest)
09-22 08:53:22.201  3130  3570 I TestRunner: finished: resetPersistsOfficialDefaultsAcrossRepositoryRecreation(com.personal.cameraalarm.SettingsDefaultsInstrumentedTest)
09-22 08:53:22.219  3130  3570 I TestRunner: started: savingStaleSettingsDraftDoesNotDisableMonitoring(com.personal.cameraalarm.SettingsDefaultsInstrumentedTest)
09-22 08:53:22.269  3130  3570 I TestRunner: finished: savingStaleSettingsDraftDoesNotDisableMonitoring(com.personal.cameraalarm.SettingsDefaultsInstrumentedTest)
09-22 08:53:22.276  3130  3570 I TestRunner: started: transientReadErrorDoesNotEmitMonitoringOffDefaults(com.personal.cameraalarm.SettingsReadRecoveryInstrumentedTest)
09-22 08:53:23.284  3130  3570 I TestRunner: finished: transientReadErrorDoesNotEmitMonitoringOffDefaults(com.personal.cameraalarm.SettingsReadRecoveryInstrumentedTest)
09-22 08:53:23.287  3130  3570 I TestRunner: started: persistedSettingsAndRulesDrivePipelineWhileMonitoringOffSuppresses(com.personal.cameraalarm.V1IntegrationInstrumentedTest)
09-22 08:53:23.344  3130  3570 I CameraAlarm: TRIGGER_MATCHED token=473c5f5a-0703-4d69-8719-0cc9545f506c epoch_ms=1790042003344 elapsed_ms=99427 session=1617c0d7-e14e-42ee-87f0-af606524e19a deadline_ms=null delay_ms=null overdue_ms=null rule=instrumented-runtime-rule package=com.camera.instrumented
09-22 08:53:23.351  3130  3570 I CameraAlarm: ALARM_PENDING_CREATED token=473c5f5a-0703-4d69-8719-0cc9545f506c epoch_ms=1790042003351 elapsed_ms=99434 session=1617c0d7-e14e-42ee-87f0-af606524e19a deadline_ms=1790042008346 delay_ms=5000 overdue_ms=0 attempt=0
09-22 08:53:23.355  3130  3570 I CameraAlarm: OS_ALARM_REGISTERED token=473c5f5a-0703-4d69-8719-0cc9545f506c epoch_ms=1790042003355 elapsed_ms=99438 session=1617c0d7-e14e-42ee-87f0-af606524e19a deadline_ms=null delay_ms=null overdue_ms=null deadline_ms=1790042008346 mode=alarm_clock
09-22 08:53:23.356  3130  3570 I CameraAlarm: EXACT_ALARM_SCHEDULED token=473c5f5a-0703-4d69-8719-0cc9545f506c epoch_ms=1790042003356 elapsed_ms=99439 session=1617c0d7-e14e-42ee-87f0-af606524e19a deadline_ms=1790042008346 delay_ms=5000 overdue_ms=0 attempt=0
09-22 08:53:23.356  3130  3570 D CameraAlarm: decision=SCHEDULED source=com.camera.instrumented
09-22 08:53:23.529  3130  3570 I TestRunner: finished: persistedSettingsAndRulesDrivePipelineWhileMonitoringOffSuppresses(com.personal.cameraalarm.V1IntegrationInstrumentedTest)
09-22 08:53:23.530  3130  3570 I TestRunner: started: settingsPersistAcrossRepositoryRecreation(com.personal.cameraalarm.V1IntegrationInstrumentedTest)
09-22 08:53:23.596  3130  3570 I TestRunner: finished: settingsPersistAcrossRepositoryRecreation(com.personal.cameraalarm.V1IntegrationInstrumentedTest)
09-22 08:53:23.598  3130  3570 I TestRunner: started: pendingStatePersistsButOrphanRingingStateIsCleared(com.personal.cameraalarm.V1IntegrationInstrumentedTest)
09-22 08:53:23.613  3130  3570 I TestRunner: finished: pendingStatePersistsButOrphanRingingStateIsCleared(com.personal.cameraalarm.V1IntegrationInstrumentedTest)
09-22 08:53:23.614  3130  3570 I TestRunner: started: roomRulesAndHistoryPersistAcrossDatabaseReopen(com.personal.cameraalarm.V1IntegrationInstrumentedTest)
09-22 08:53:23.650  3130  3570 I TestRunner: finished: roomRulesAndHistoryPersistAcrossDatabaseReopen(com.personal.cameraalarm.V1IntegrationInstrumentedTest)
09-22 08:53:23.652  3130  3570 I TestRunner: run finished: 28 tests, 0 failed, 0 ignored
