--------- beginning of main
09-22 08:56:16.225  2889  3301 I TestRunner: run started: 28 tests
09-22 08:56:16.236  2889  3301 I TestRunner: started: tokenPendingIntentCanBeFoundAndCancelledWithoutCancellingAnotherToken(com.personal.cameraalarm.AlarmSchedulerInstrumentedTest)
09-22 08:56:16.307  2889  3301 I CameraAlarm: OS_ALARM_REGISTERED token=instrumented-test epoch_ms=1790042176307 elapsed_ms=83804 session=cf635614-4b7c-4901-8ce9-1533677f8d15 deadline_ms=null delay_ms=null overdue_ms=null deadline_ms=1790042236293 mode=alarm_clock
09-22 08:56:16.314  2889  3301 I TestRunner: finished: tokenPendingIntentCanBeFoundAndCancelledWithoutCancellingAnotherToken(com.personal.cameraalarm.AlarmSchedulerInstrumentedTest)
09-22 08:56:16.335  2889  3301 I TestRunner: started: secondStartCannotReplaceStopActionForActiveAlarm(com.personal.cameraalarm.AlarmStopInstrumentedTest)
09-22 08:56:16.885  2889  3301 I StopProbe: START_FIRST elapsed=84382
09-22 08:56:17.116  2889  2889 I CameraAlarm: FOREGROUND_SERVICE_STARTED: token=test-first
09-22 08:56:17.186  2889  2889 I CameraAlarm: FOREGROUND_SERVICE_STARTED token=test-first epoch_ms=1790042177186 elapsed_ms=84682 session=cf635614-4b7c-4901-8ce9-1533677f8d15 deadline_ms=null delay_ms=null overdue_ms=null 
09-22 08:56:17.272  2889  2889 I CameraAlarm: ALARM_TIMING foreground_ms=287 token=test-first
09-22 08:56:18.582  2889  2889 I CameraAlarm: AUDIO_STARTED: key=alarm_warning_aloud resId=2131296260
09-22 08:56:18.582  2889  2889 D CameraAlarm: Alarm sound:
09-22 08:56:18.582  2889  2889 D CameraAlarm: selected key: alarm_warning_aloud
09-22 08:56:18.582  2889  2889 D CameraAlarm: resolved resource: 2131296260
09-22 08:56:18.582  2889  2889 D CameraAlarm: prepare result: success
09-22 08:56:18.582  2889  2889 D CameraAlarm: play result: success
09-22 08:56:18.584  2889  2889 I CameraAlarm: AUDIO_STARTED: token=test-first
09-22 08:56:18.691  2889  2889 I CameraAlarm: AUDIO_STARTED token=test-first epoch_ms=1790042178691 elapsed_ms=86188 session=cf635614-4b7c-4901-8ce9-1533677f8d15 deadline_ms=null delay_ms=null overdue_ms=null 
09-22 08:56:18.692  2889  2889 I CameraAlarm: ALARM_TIMING runtime_started_ms=1707 token=test-first
09-22 08:56:19.997  2889  2889 I CameraAlarm: ALARMACTIVITY_CREATED: token=test-first
09-22 08:56:20.957  2889  3301 I StopProbe: ACTIVITY_RESUMED elapsed=88454
09-22 08:56:23.236  2889  3301 I StopProbe: MAIN_IDLE elapsed=90733
09-22 08:56:23.248  2889  3301 I StopProbe: SEND_STOP elapsed=90745
09-22 08:56:23.352  2889  3301 I StopProbe: SENT_STOP elapsed=90849
09-22 08:56:23.531  2889  2889 I CameraAlarm: STOP_RECEIVER_FIRED: token=test-first
09-22 08:56:23.808  2889  2889 D CameraAlarm: runtime stopped token=test-first
09-22 08:56:24.210  2889  3301 I TestRunner: finished: secondStartCannotReplaceStopActionForActiveAlarm(com.personal.cameraalarm.AlarmStopInstrumentedTest)
09-22 08:56:24.227  2889  2889 D CameraAlarm: runtime stopped token=test-first
09-22 08:56:25.609  2889  3301 I TestRunner: started: realDataStoreInvalidatesAllPreviousBootStatesAndKeepsCurrentBootPending(com.personal.cameraalarm.BootStateStoreInstrumentedTest)
09-22 08:56:26.471  2889  3301 I TestRunner: finished: realDataStoreInvalidatesAllPreviousBootStatesAndKeepsCurrentBootPending(com.personal.cameraalarm.BootStateStoreInstrumentedTest)
09-22 08:56:26.476  2889  3301 I TestRunner: started: currentSnapshotTransactionCannotEraseNewBootWrite(com.personal.cameraalarm.BootStateStoreInstrumentedTest)
09-22 08:56:30.147  2889  3301 I TestRunner: finished: currentSnapshotTransactionCannotEraseNewBootWrite(com.personal.cameraalarm.BootStateStoreInstrumentedTest)
09-22 08:56:30.158  2889  3301 I TestRunner: started: triggerRuleDaoCrud(com.personal.cameraalarm.DatabaseInstrumentedTest)
09-22 08:56:30.258  2889  3301 I TestRunner: finished: triggerRuleDaoCrud(com.personal.cameraalarm.DatabaseInstrumentedTest)
09-22 08:56:30.263  2889  3301 I TestRunner: started: alertEventDaoPrunesByMaximumCountAndKeepsPaginationStable(com.personal.cameraalarm.DatabaseInstrumentedTest)
09-22 08:56:30.975  2889  3301 I TestRunner: finished: alertEventDaoPrunesByMaximumCountAndKeepsPaginationStable(com.personal.cameraalarm.DatabaseInstrumentedTest)
09-22 08:56:30.982  2889  3301 I TestRunner: started: alertEventDaoCapsSuppressedEventsWithoutRemovingTriggeredEvents(com.personal.cameraalarm.DatabaseInstrumentedTest)
09-22 08:56:31.267  2889  3301 I TestRunner: finished: alertEventDaoCapsSuppressedEventsWithoutRemovingTriggeredEvents(com.personal.cameraalarm.DatabaseInstrumentedTest)
09-22 08:56:31.280  2889  3301 I TestRunner: started: alertEventDaoPrunesEventsOutsideRetentionWindow(com.personal.cameraalarm.DatabaseInstrumentedTest)
09-22 08:56:31.367  2889  3301 I TestRunner: finished: alertEventDaoPrunesEventsOutsideRetentionWindow(com.personal.cameraalarm.DatabaseInstrumentedTest)
09-22 08:56:31.392  2889  3301 I TestRunner: started: ruleSettingsAndOemGuidanceResolveInEnglishAndVietnamese(com.personal.cameraalarm.LocalizationInstrumentedTest)
09-22 08:56:31.417  2889  3301 I TestRunner: finished: ruleSettingsAndOemGuidanceResolveInEnglishAndVietnamese(com.personal.cameraalarm.LocalizationInstrumentedTest)
09-22 08:56:31.424  2889  3301 I TestRunner: started: bootReceiverIsNotExportedToThirdPartyApps(com.personal.cameraalarm.ManifestSecurityInstrumentedTest)
09-22 08:56:31.441  2889  3301 I TestRunner: finished: bootReceiverIsNotExportedToThirdPartyApps(com.personal.cameraalarm.ManifestSecurityInstrumentedTest)
09-22 08:56:31.449  2889  3301 I TestRunner: started: lostOsDeliveryRetriesAutonomouslyAndLateCallbackCannotClaimReplacement(com.personal.cameraalarm.PendingDeliveryInstrumentedTest)
09-22 08:56:32.036  2889  3301 I CameraAlarm: ALARM_PENDING_CREATED token=lost-delivery-99005576173 epoch_ms=1790042192036 elapsed_ms=99533 session=cf635614-4b7c-4901-8ce9-1533677f8d15 deadline_ms=1790042192672 delay_ms=1000 overdue_ms=0 attempt=0
09-22 08:56:32.047  2889  3301 I CameraAlarm: OS_ALARM_REGISTERED token=lost-delivery-99005576173 epoch_ms=1790042192047 elapsed_ms=99544 session=cf635614-4b7c-4901-8ce9-1533677f8d15 deadline_ms=null delay_ms=null overdue_ms=null deadline_ms=1790042192672 mode=alarm_clock
09-22 08:56:32.048  2889  3301 I CameraAlarm: EXACT_ALARM_SCHEDULED token=lost-delivery-99005576173 epoch_ms=1790042192048 elapsed_ms=99545 session=cf635614-4b7c-4901-8ce9-1533677f8d15 deadline_ms=1790042192672 delay_ms=1000 overdue_ms=0 attempt=0
09-22 08:56:42.733  2889  3326 I CameraAlarm: PENDING_RETIRED token=lost-delivery-99005576173 epoch_ms=1790042202731 elapsed_ms=110228 session=cf635614-4b7c-4901-8ce9-1533677f8d15 deadline_ms=1790042192672 delay_ms=1000 overdue_ms=10059 Pending overdue; attempt=0
09-22 08:56:42.819  2889  3326 I CameraAlarm: PENDING_RECOVERY token=d825e69c-4535-4fd8-93d5-62deecd6f3ac epoch_ms=1790042202819 elapsed_ms=110316 session=cf635614-4b7c-4901-8ce9-1533677f8d15 deadline_ms=1790042202815 delay_ms=1000 overdue_ms=4 replaces=lost-delivery-99005576173
09-22 08:56:42.887  2889  3318 I CameraAlarm: ALARM_PENDING_CREATED token=d825e69c-4535-4fd8-93d5-62deecd6f3ac epoch_ms=1790042202887 elapsed_ms=110383 session=cf635614-4b7c-4901-8ce9-1533677f8d15 deadline_ms=1790042202815 delay_ms=1000 overdue_ms=72 attempt=1
09-22 08:56:42.910  2889  3318 I CameraAlarm: OS_ALARM_REGISTERED token=d825e69c-4535-4fd8-93d5-62deecd6f3ac epoch_ms=1790042202910 elapsed_ms=110407 session=cf635614-4b7c-4901-8ce9-1533677f8d15 deadline_ms=null delay_ms=null overdue_ms=null deadline_ms=1790042202815 mode=alarm_clock
09-22 08:56:42.912  2889  3318 I CameraAlarm: EXACT_ALARM_SCHEDULED token=d825e69c-4535-4fd8-93d5-62deecd6f3ac epoch_ms=1790042202912 elapsed_ms=110409 session=cf635614-4b7c-4901-8ce9-1533677f8d15 deadline_ms=1790042202815 delay_ms=1000 overdue_ms=97 attempt=1
09-22 08:56:47.936  2889  2889 I CameraAlarm: ALARM_RECEIVER_ENTRY token=d825e69c-4535-4fd8-93d5-62deecd6f3ac epoch_ms=1790042207936 elapsed_ms=115433 session=cf635614-4b7c-4901-8ce9-1533677f8d15 deadline_ms=null delay_ms=null overdue_ms=null elapsed_ms=115433
09-22 08:56:47.975  2889  3326 I CameraAlarm: ALARM_RECEIVER_FIRED token=d825e69c-4535-4fd8-93d5-62deecd6f3ac epoch_ms=1790042207975 elapsed_ms=115472 session=cf635614-4b7c-4901-8ce9-1533677f8d15 deadline_ms=1790042202815 delay_ms=1000 overdue_ms=5160 attempt=1
09-22 08:56:47.988  2889  3326 I CameraAlarm: RINGING token=d825e69c-4535-4fd8-93d5-62deecd6f3ac epoch_ms=1790042207988 elapsed_ms=115485 session=cf635614-4b7c-4901-8ce9-1533677f8d15 deadline_ms=1790042202815 delay_ms=1000 overdue_ms=5173 attempt=1
09-22 08:56:47.998  2889  3326 I CameraAlarm: SERVICE_REQUESTED token=d825e69c-4535-4fd8-93d5-62deecd6f3ac epoch_ms=1790042207998 elapsed_ms=115495 session=cf635614-4b7c-4901-8ce9-1533677f8d15 deadline_ms=1790042202815 delay_ms=1000 overdue_ms=5183 
09-22 08:56:48.008  2889  3301 I CameraAlarm: STALE_ALARM token=null epoch_ms=1790042208008 elapsed_ms=115504 session=cf635614-4b7c-4901-8ce9-1533677f8d15 deadline_ms=null delay_ms=null overdue_ms=null token=lost-delivery-99005576173
09-22 08:56:48.016  2889  2889 I CameraAlarm: FOREGROUND_SERVICE_STARTED: token=d825e69c-4535-4fd8-93d5-62deecd6f3ac
09-22 08:56:48.016  2889  2889 I CameraAlarm: FOREGROUND_SERVICE_STARTED token=d825e69c-4535-4fd8-93d5-62deecd6f3ac epoch_ms=1790042208016 elapsed_ms=115513 session=cf635614-4b7c-4901-8ce9-1533677f8d15 deadline_ms=1790042202815 delay_ms=1000 overdue_ms=5201 
09-22 08:56:48.061  2889  2889 I CameraAlarm: ALARM_TIMING foreground_ms=55 token=d825e69c-4535-4fd8-93d5-62deecd6f3ac
09-22 08:56:48.288  2889  2889 I CameraAlarm: AUDIO_STARTED: key=alarm_warning_aloud resId=2131296260
09-22 08:56:48.289  2889  2889 D CameraAlarm: Alarm sound:
09-22 08:56:48.289  2889  2889 D CameraAlarm: selected key: alarm_warning_aloud
09-22 08:56:48.289  2889  2889 D CameraAlarm: resolved resource: 2131296260
09-22 08:56:48.289  2889  2889 D CameraAlarm: prepare result: success
09-22 08:56:48.289  2889  2889 D CameraAlarm: play result: success
09-22 08:56:48.289  2889  2889 I CameraAlarm: AUDIO_STARTED: token=d825e69c-4535-4fd8-93d5-62deecd6f3ac
09-22 08:56:48.300  2889  2889 I CameraAlarm: AUDIO_STARTED token=d825e69c-4535-4fd8-93d5-62deecd6f3ac epoch_ms=1790042208300 elapsed_ms=115797 session=cf635614-4b7c-4901-8ce9-1533677f8d15 deadline_ms=1790042202815 delay_ms=1000 overdue_ms=5485 
09-22 08:56:48.300  2889  2889 I CameraAlarm: ALARM_TIMING runtime_started_ms=294 token=d825e69c-4535-4fd8-93d5-62deecd6f3ac
09-22 08:56:48.301  2889  2889 I CameraAlarm: FULLSCREEN_INTENT_SENT: token=d825e69c-4535-4fd8-93d5-62deecd6f3ac
09-22 08:56:48.633  2889  2889 I CameraAlarm: Direct startActivity called for token=d825e69c-4535-4fd8-93d5-62deecd6f3ac
09-22 08:56:48.715  2889  2889 I CameraAlarm: ALARMACTIVITY_CREATED: token=d825e69c-4535-4fd8-93d5-62deecd6f3ac
09-22 08:56:48.839  2889  3301 I TestRunner: finished: lostOsDeliveryRetriesAutonomouslyAndLateCallbackCannotClaimReplacement(com.personal.cameraalarm.PendingDeliveryInstrumentedTest)
09-22 08:56:48.894  2889  2889 D CameraAlarm: runtime stopped token=d825e69c-4535-4fd8-93d5-62deecd6f3ac
09-22 08:56:50.335  2889  3301 I TestRunner: started: prepare(com.personal.cameraalarm.RebootScenarioPreparation)
09-22 08:56:50.357  2889  3301 E TestRunner: assumption failed: prepare(com.personal.cameraalarm.RebootScenarioPreparation)
09-22 08:56:50.364  2889  3301 E TestRunner: ----- begin exception -----
09-22 08:56:50.364  2889  3301 E TestRunner: org.junit.AssumptionViolatedException: got: <false>, expected: is <true>
09-22 08:56:50.364  2889  3301 E TestRunner: 	at org.junit.Assume.assumeThat(Assume.java:106)
09-22 08:56:50.364  2889  3301 E TestRunner: 	at org.junit.Assume.assumeTrue(Assume.java:50)
09-22 08:56:50.364  2889  3301 E TestRunner: 	at com.personal.cameraalarm.RebootScenarioPreparation$prepare$1.invokeSuspend(RebootScenarioPreparation.kt:20)
09-22 08:56:50.364  2889  3301 E TestRunner: 	at kotlin.coroutines.jvm.internal.BaseContinuationImpl.resumeWith(ContinuationImpl.kt:33)
09-22 08:56:50.364  2889  3301 E TestRunner: 	at kotlinx.coroutines.DispatchedTask.run(DispatchedTask.kt:101)
09-22 08:56:50.364  2889  3301 E TestRunner: 	at kotlinx.coroutines.EventLoopImplBase.processNextEvent(EventLoop.common.kt:263)
09-22 08:56:50.364  2889  3301 E TestRunner: 	at kotlinx.coroutines.BlockingCoroutine.joinBlocking(Builders.kt:95)
09-22 08:56:50.364  2889  3301 E TestRunner: 	at kotlinx.coroutines.BuildersKt__BuildersKt.runBlocking(Builders.kt:69)
09-22 08:56:50.364  2889  3301 E TestRunner: 	at kotlinx.coroutines.BuildersKt.runBlocking(Unknown Source:1)
09-22 08:56:50.364  2889  3301 E TestRunner: 	at kotlinx.coroutines.BuildersKt__BuildersKt.runBlocking$default(Builders.kt:47)
09-22 08:56:50.364  2889  3301 E TestRunner: 	at kotlinx.coroutines.BuildersKt.runBlocking$default(Unknown Source:1)
09-22 08:56:50.364  2889  3301 E TestRunner: 	at com.personal.cameraalarm.RebootScenarioPreparation.prepare(RebootScenarioPreparation.kt:18)
09-22 08:56:50.364  2889  3301 E TestRunner: 	at java.lang.reflect.Method.invoke(Native Method)
09-22 08:56:50.364  2889  3301 E TestRunner: 	at org.junit.runners.model.FrameworkMethod$1.runReflectiveCall(FrameworkMethod.java:59)
09-22 08:56:50.364  2889  3301 E TestRunner: 	at org.junit.internal.runners.model.ReflectiveCallable.run(ReflectiveCallable.java:12)
09-22 08:56:50.364  2889  3301 E TestRunner: 	at org.junit.runners.model.FrameworkMethod.invokeExplosively(FrameworkMethod.java:56)
09-22 08:56:50.364  2889  3301 E TestRunner: 	at org.junit.internal.runners.statements.InvokeMethod.evaluate(InvokeMethod.java:17)
09-22 08:56:50.364  2889  3301 E TestRunner: 	at org.junit.runners.ParentRunner$3.evaluate(ParentRunner.java:306)
09-22 08:56:50.364  2889  3301 E TestRunner: 	at org.junit.runners.BlockJUnit4ClassRunner$1.evaluate(BlockJUnit4ClassRunner.java:100)
09-22 08:56:50.364  2889  3301 E TestRunner: 	at org.junit.runners.ParentRunner.runLeaf(ParentRunner.java:366)
09-22 08:56:50.364  2889  3301 E TestRunner: 	at org.junit.runners.BlockJUnit4ClassRunner.runChild(BlockJUnit4ClassRunner.java:103)
09-22 08:56:50.364  2889  3301 E TestRunner: 	at org.junit.runners.BlockJUnit4ClassRunner.runChild(BlockJUnit4ClassRunner.java:63)
09-22 08:56:50.364  2889  3301 E TestRunner: 	at org.junit.runners.ParentRunner$4.run(ParentRunner.java:331)
09-22 08:56:50.364  2889  3301 E TestRunner: 	at org.junit.runners.ParentRunner$1.schedule(ParentRunner.java:79)
09-22 08:56:50.364  2889  3301 E TestRunner: 	at org.junit.runners.ParentRunner.runChildren(ParentRunner.java:329)
09-22 08:56:50.364  2889  3301 E TestRunner: 	at org.junit.runners.ParentRunner.access$100(ParentRunner.java:66)
09-22 08:56:50.364  2889  3301 E TestRunner: 	at org.junit.runners.ParentRunner$2.evaluate(ParentRunner.java:293)
09-22 08:56:50.364  2889  3301 E TestRunner: 	at org.junit.runners.ParentRunner$3.evaluate(ParentRunner.java:306)
09-22 08:56:50.364  2889  3301 E TestRunner: 	at org.junit.runners.ParentRunner.run(ParentRunner.java:413)
09-22 08:56:50.364  2889  3301 E TestRunner: 	at org.junit.runners.Suite.runChild(Suite.java:128)
09-22 08:56:50.364  2889  3301 E TestRunner: 	at org.junit.runners.Suite.runChild(Suite.java:27)
09-22 08:56:50.364  2889  3301 E TestRunner: 	at org.junit.runners.ParentRunner$4.run(ParentRunner.java:331)
09-22 08:56:50.364  2889  3301 E TestRunner: 	at org.junit.runners.ParentRunner$1.schedule(ParentRunner.java:79)
09-22 08:56:50.364  2889  3301 E TestRunner: 	at org.junit.runners.ParentRunner.runChildren(ParentRunner.java:329)
09-22 08:56:50.364  2889  3301 E TestRunner: 	at org.junit.runners.ParentRunner.access$100(ParentRunner.java:66)
09-22 08:56:50.364  2889  3301 E TestRunner: 	at org.junit.runners.ParentRunner$2.evaluate(ParentRunner.java:293)
09-22 08:56:50.364  2889  3301 E TestRunner: 	at org.junit.runners.ParentRunner$3.evaluate(ParentRunner.java:306)
09-22 08:56:50.364  2889  3301 E TestRunner: 	at org.junit.runners.ParentRunner.run(ParentRunner.java:413)
09-22 08:56:50.364  2889  3301 E TestRunner: 	at org.junit.runner.JUnitCore.run(JUnitCore.java:137)
09-22 08:56:50.364  2889  3301 E TestRunner: 	at org.junit.runner.JUnitCore.run(JUnitCore.java:115)
09-22 08:56:50.364  2889  3301 E TestRunner: 	at androidx.test.internal.runner.TestExecutor.execute(TestExecutor.java:68)
09-22 08:56:50.364  2889  3301 E TestRunner: 	at androidx.test.internal.runner.TestExecutor.execute(TestExecutor.java:59)
09-22 08:56:50.364  2889  3301 E TestRunner: 	at androidx.test.runner.AndroidJUnitRunner.onStart(AndroidJUnitRunner.java:467)
09-22 08:56:50.364  2889  3301 E TestRunner: 	at android.app.Instrumentation$InstrumentationThread.run(Instrumentation.java:2627)
09-22 08:56:50.365  2889  3301 E TestRunner: ----- end exception -----
09-22 08:56:50.371  2889  3301 I TestRunner: finished: prepare(com.personal.cameraalarm.RebootScenarioPreparation)
09-22 08:56:50.376  2889  3301 I TestRunner: started: migration1To2PreservesRulesAndNormalizesPriorityInOldEvaluationOrder(com.personal.cameraalarm.RuleMigrationInstrumentedTest)
09-22 08:56:50.572  2889  3301 I TestRunner: finished: migration1To2PreservesRulesAndNormalizesPriorityInOldEvaluationOrder(com.personal.cameraalarm.RuleMigrationInstrumentedTest)
09-22 08:56:50.578  2889  3301 I TestRunner: started: maximumThreeRulesAndUniquePrioritiesAreEnforced(com.personal.cameraalarm.RuleRepositoryInstrumentedTest)
09-22 08:56:50.630  2889  3301 I TestRunner: finished: maximumThreeRulesAndUniquePrioritiesAreEnforced(com.personal.cameraalarm.RuleRepositoryInstrumentedTest)
09-22 08:56:50.633  2889  3301 I TestRunner: started: deleteDoesNotRenumberRemainingRules(com.personal.cameraalarm.RuleRepositoryInstrumentedTest)
09-22 08:56:50.698  2889  3301 I TestRunner: finished: deleteDoesNotRenumberRemainingRules(com.personal.cameraalarm.RuleRepositoryInstrumentedTest)
09-22 08:56:50.703  2889  3301 I TestRunner: started: editingToOccupiedPrioritySwapsAtomicallyAndPreservesCreatedAt(com.personal.cameraalarm.RuleRepositoryInstrumentedTest)
09-22 08:56:50.732  2889  3301 I TestRunner: finished: editingToOccupiedPrioritySwapsAtomicallyAndPreservesCreatedAt(com.personal.cameraalarm.RuleRepositoryInstrumentedTest)
09-22 08:56:50.736  2889  3301 I TestRunner: started: notificationActionsFollowLanguageEvenWhileAlarmIsActive(com.personal.cameraalarm.SelectedLanguageInstrumentedTest)
09-22 08:56:52.620  2889  2889 I CameraAlarm: FOREGROUND_SERVICE_STARTED: token=test-language
09-22 08:56:52.620  2889  2889 I CameraAlarm: FOREGROUND_SERVICE_STARTED token=test-language epoch_ms=1790042212620 elapsed_ms=120117 session=cf635614-4b7c-4901-8ce9-1533677f8d15 deadline_ms=null delay_ms=null overdue_ms=null 
09-22 08:56:52.635  2889  2889 I CameraAlarm: ALARM_TIMING foreground_ms=24 token=test-language
09-22 08:56:52.674  2889  2889 I CameraAlarm: AUDIO_STARTED: key=alarm_warning_aloud resId=2131296260
09-22 08:56:52.674  2889  2889 D CameraAlarm: Alarm sound:
09-22 08:56:52.674  2889  2889 D CameraAlarm: selected key: alarm_warning_aloud
09-22 08:56:52.674  2889  2889 D CameraAlarm: resolved resource: 2131296260
09-22 08:56:52.674  2889  2889 D CameraAlarm: prepare result: success
09-22 08:56:52.674  2889  2889 D CameraAlarm: play result: success
09-22 08:56:52.674  2889  2889 I CameraAlarm: AUDIO_STARTED: token=test-language
09-22 08:56:52.676  2889  2889 I CameraAlarm: AUDIO_STARTED token=test-language epoch_ms=1790042212676 elapsed_ms=120173 session=cf635614-4b7c-4901-8ce9-1533677f8d15 deadline_ms=null delay_ms=null overdue_ms=null 
09-22 08:56:52.676  2889  2889 I CameraAlarm: ALARM_TIMING runtime_started_ms=65 token=test-language
09-22 08:56:53.687  2889  2889 I CameraAlarm: ALARMACTIVITY_CREATED: token=test-language
09-22 08:56:54.148  2889  2889 I CameraAlarm: STOP_RECEIVER_FIRED: token=test-language
09-22 08:56:54.470  2889  2889 D CameraAlarm: runtime stopped token=test-language
09-22 08:56:55.611  2889  3301 I TestRunner: finished: notificationActionsFollowLanguageEvenWhileAlarmIsActive(com.personal.cameraalarm.SelectedLanguageInstrumentedTest)
09-22 08:56:55.737  2889  3301 I TestRunner: started: selectedLanguageReachesActivityDialogAndMessages(com.personal.cameraalarm.SelectedLanguageInstrumentedTest)
09-22 08:57:01.330  2889  3301 I TestRunner: finished: selectedLanguageReachesActivityDialogAndMessages(com.personal.cameraalarm.SelectedLanguageInstrumentedTest)
09-22 08:57:01.390  2889  3301 I TestRunner: started: freshStoreUsesOfficialDefaultProfile(com.personal.cameraalarm.SettingsDefaultsInstrumentedTest)
09-22 08:57:01.463  2889  3301 I TestRunner: finished: freshStoreUsesOfficialDefaultProfile(com.personal.cameraalarm.SettingsDefaultsInstrumentedTest)
09-22 08:57:01.480  2889  3301 I TestRunner: started: existingV2StorePreservesFalseWhenUpgradedToV3(com.personal.cameraalarm.SettingsDefaultsInstrumentedTest)
09-22 08:57:01.567  2889  3301 I TestRunner: finished: existingV2StorePreservesFalseWhenUpgradedToV3(com.personal.cameraalarm.SettingsDefaultsInstrumentedTest)
09-22 08:57:01.581  2889  3301 I TestRunner: started: existingStoreWithoutVersionPreservesOldEffectiveDefaults(com.personal.cameraalarm.SettingsDefaultsInstrumentedTest)
09-22 08:57:01.626  2889  3301 I TestRunner: finished: existingStoreWithoutVersionPreservesOldEffectiveDefaults(com.personal.cameraalarm.SettingsDefaultsInstrumentedTest)
09-22 08:57:01.629  2889  3301 I TestRunner: started: resetPersistsOfficialDefaultsAcrossRepositoryRecreation(com.personal.cameraalarm.SettingsDefaultsInstrumentedTest)
09-22 08:57:01.672  2889  3301 I TestRunner: finished: resetPersistsOfficialDefaultsAcrossRepositoryRecreation(com.personal.cameraalarm.SettingsDefaultsInstrumentedTest)
09-22 08:57:01.675  2889  3301 I TestRunner: started: savingStaleSettingsDraftDoesNotDisableMonitoring(com.personal.cameraalarm.SettingsDefaultsInstrumentedTest)
09-22 08:57:01.702  2889  3301 I TestRunner: finished: savingStaleSettingsDraftDoesNotDisableMonitoring(com.personal.cameraalarm.SettingsDefaultsInstrumentedTest)
09-22 08:57:01.704  2889  3301 I TestRunner: started: transientReadErrorDoesNotEmitMonitoringOffDefaults(com.personal.cameraalarm.SettingsReadRecoveryInstrumentedTest)
09-22 08:57:02.709  2889  3301 I TestRunner: finished: transientReadErrorDoesNotEmitMonitoringOffDefaults(com.personal.cameraalarm.SettingsReadRecoveryInstrumentedTest)
09-22 08:57:02.711  2889  3301 I TestRunner: started: persistedSettingsAndRulesDrivePipelineWhileMonitoringOffSuppresses(com.personal.cameraalarm.V1IntegrationInstrumentedTest)
09-22 08:57:02.798  2889  3301 I CameraAlarm: TRIGGER_MATCHED token=530ba1f5-8044-4cd9-8a0a-fee7c900c01d epoch_ms=1790042222798 elapsed_ms=130295 session=cf635614-4b7c-4901-8ce9-1533677f8d15 deadline_ms=null delay_ms=null overdue_ms=null rule=instrumented-runtime-rule package=com.camera.instrumented
09-22 08:57:02.825  2889  3301 I CameraAlarm: ALARM_PENDING_CREATED token=530ba1f5-8044-4cd9-8a0a-fee7c900c01d epoch_ms=1790042222825 elapsed_ms=130322 session=cf635614-4b7c-4901-8ce9-1533677f8d15 deadline_ms=1790042227803 delay_ms=5000 overdue_ms=0 attempt=0
09-22 08:57:02.827  2889  3301 I CameraAlarm: OS_ALARM_REGISTERED token=530ba1f5-8044-4cd9-8a0a-fee7c900c01d epoch_ms=1790042222827 elapsed_ms=130324 session=cf635614-4b7c-4901-8ce9-1533677f8d15 deadline_ms=null delay_ms=null overdue_ms=null deadline_ms=1790042227803 mode=alarm_clock
09-22 08:57:02.827  2889  3301 I CameraAlarm: EXACT_ALARM_SCHEDULED token=530ba1f5-8044-4cd9-8a0a-fee7c900c01d epoch_ms=1790042222827 elapsed_ms=130324 session=cf635614-4b7c-4901-8ce9-1533677f8d15 deadline_ms=1790042227803 delay_ms=5000 overdue_ms=0 attempt=0
09-22 08:57:02.827  2889  3301 D CameraAlarm: decision=SCHEDULED source=com.camera.instrumented
09-22 08:57:02.933  2889  3301 I TestRunner: finished: persistedSettingsAndRulesDrivePipelineWhileMonitoringOffSuppresses(com.personal.cameraalarm.V1IntegrationInstrumentedTest)
09-22 08:57:02.937  2889  3301 I TestRunner: started: settingsPersistAcrossRepositoryRecreation(com.personal.cameraalarm.V1IntegrationInstrumentedTest)
09-22 08:57:03.159  2889  3301 I TestRunner: finished: settingsPersistAcrossRepositoryRecreation(com.personal.cameraalarm.V1IntegrationInstrumentedTest)
09-22 08:57:03.170  2889  3301 I TestRunner: started: pendingStatePersistsButOrphanRingingStateIsCleared(com.personal.cameraalarm.V1IntegrationInstrumentedTest)
09-22 08:57:03.228  2889  3301 I TestRunner: finished: pendingStatePersistsButOrphanRingingStateIsCleared(com.personal.cameraalarm.V1IntegrationInstrumentedTest)
09-22 08:57:03.230  2889  3301 I TestRunner: started: roomRulesAndHistoryPersistAcrossDatabaseReopen(com.personal.cameraalarm.V1IntegrationInstrumentedTest)
09-22 08:57:03.296  2889  3301 I TestRunner: finished: roomRulesAndHistoryPersistAcrossDatabaseReopen(com.personal.cameraalarm.V1IntegrationInstrumentedTest)
09-22 08:57:03.297  2889  3301 I TestRunner: run finished: 28 tests, 0 failed, 0 ignored
