
> Task :app:dependencyInsight
androidx.test.espresso:espresso-core:3.5.0
  Variant runtime:
    | Attribute Name                                  | Provided     | Requested    |
    |-------------------------------------------------|--------------|--------------|
    | org.gradle.libraryelements                      | jar          |              |
    | org.gradle.status                               | release      |              |
    | org.gradle.category                             | library      | library      |
    | org.gradle.usage                                | java-runtime | java-runtime |
    | com.android.build.api.attributes.AgpVersionAttr |              | 8.7.3        |
    | com.android.build.api.attributes.BuildTypeAttr  |              | debug        |
    | org.gradle.jvm.environment                      |              | android      |
    | org.jetbrains.kotlin.platform.type              |              | androidJvm   |

androidx.test.espresso:espresso-core:3.5.0
\--- androidx.compose.ui:ui-test-android:1.7.6
     \--- androidx.compose.ui:ui-test:1.7.6
          +--- androidx.compose.ui:ui-test-junit4-android:1.7.6
          |    \--- androidx.compose.ui:ui-test-junit4:1.7.6
          |         +--- debugAndroidTestRuntimeClasspath
          |         +--- androidx.compose.ui:ui-geometry-android:1.7.6
          |         |    +--- debugAndroidTestRuntimeClasspath (requested androidx.compose.ui:ui-geometry-android:{strictly 1.7.6})
          |         |    \--- androidx.compose.ui:ui-geometry:1.7.6
          |         |         +--- debugAndroidTestRuntimeClasspath (requested androidx.compose.ui:ui-geometry:{strictly 1.7.6})
          |         |         +--- androidx.compose.ui:ui-test-junit4-android:1.7.6 (*)
          |         |         +--- androidx.compose.ui:ui-util-android:1.7.6
          |         |         |    +--- debugAndroidTestRuntimeClasspath (requested androidx.compose.ui:ui-util-android:{strictly 1.7.6})
          |         |         |    \--- androidx.compose.ui:ui-util:1.7.6
          |         |         |         +--- debugAndroidTestRuntimeClasspath (requested androidx.compose.ui:ui-util:{strictly 1.7.6})
          |         |         |         +--- androidx.compose.ui:ui-test-junit4-android:1.7.6 (*)
          |         |         |         +--- androidx.compose.ui:ui-geometry-android:1.7.6 (*)
          |         |         |         +--- androidx.compose.ui:ui-unit-android:1.7.6
          |         |         |         |    +--- debugAndroidTestRuntimeClasspath (requested androidx.compose.ui:ui-unit-android:{strictly 1.7.6})
          |         |         |         |    \--- androidx.compose.ui:ui-unit:1.7.6
          |         |         |         |         +--- debugAndroidTestRuntimeClasspath (requested androidx.compose.ui:ui-unit:{strictly 1.7.6})
          |         |         |         |         +--- androidx.compose.ui:ui-test-junit4-android:1.7.6 (*)
          |         |         |         |         +--- androidx.compose.ui:ui-geometry-android:1.7.6 (*)
          |         |         |         |         +--- androidx.compose.ui:ui-util-android:1.7.6 (*)
          |         |         |         |         +--- androidx.compose.ui:ui-text-android:1.7.6
          |         |         |         |         |    +--- debugAndroidTestRuntimeClasspath (requested androidx.compose.ui:ui-text-android:{strictly 1.7.6})
          |         |         |         |         |    \--- androidx.compose.ui:ui-text:1.7.6
          |         |         |         |         |         +--- debugAndroidTestRuntimeClasspath (requested androidx.compose.ui:ui-text:{strictly 1.7.6})
          |         |         |         |         |         +--- androidx.compose.ui:ui-test-junit4-android:1.7.6 (*)
          |         |         |         |         |         +--- androidx.compose.ui:ui-geometry-android:1.7.6 (*)
          |         |         |         |         |         +--- androidx.compose.ui:ui-util-android:1.7.6 (*)
          |         |         |         |         |         +--- androidx.compose.ui:ui-unit-android:1.7.6 (*)
          |         |         |         |         |         +--- androidx.compose.ui:ui-graphics-android:1.7.6
          |         |         |         |         |         |    +--- debugAndroidTestRuntimeClasspath (requested androidx.compose.ui:ui-graphics-android:{strictly 1.7.6})
          |         |         |         |         |         |    \--- androidx.compose.ui:ui-graphics:1.7.6
          |         |         |         |         |         |         +--- debugAndroidTestRuntimeClasspath (requested androidx.compose.ui:ui-graphics:{strictly 1.7.6})
          |         |         |         |         |         |         +--- androidx.compose.ui:ui-test-junit4-android:1.7.6 (*)
          |         |         |         |         |         |         +--- androidx.compose.ui:ui-geometry-android:1.7.6 (*)
          |         |         |         |         |         |         +--- androidx.compose.ui:ui-util-android:1.7.6 (*)
          |         |         |         |         |         |         +--- androidx.compose.ui:ui-unit-android:1.7.6 (*)
          |         |         |         |         |         |         +--- androidx.compose.ui:ui-text-android:1.7.6 (*)
          |         |         |         |         |         |         +--- androidx.compose.ui:ui-android:1.7.6
          |         |         |         |         |         |         |    +--- debugAndroidTestRuntimeClasspath (requested androidx.compose.ui:ui-android:{strictly 1.7.6})
          |         |         |         |         |         |         |    \--- androidx.compose.ui:ui:1.7.6
          |         |         |         |         |         |         |         +--- debugAndroidTestRuntimeClasspath (requested androidx.compose.ui:ui:{strictly 1.7.6})
          |         |         |         |         |         |         |         +--- androidx.compose.ui:ui-test-junit4-android:1.7.6 (*)
          |         |         |         |         |         |         |         +--- androidx.activity:activity-compose:1.10.1 (requested androidx.compose.ui:ui:1.0.1)
          |         |         |         |         |         |         |         |    +--- debugAndroidTestRuntimeClasspath (requested androidx.activity:activity-compose:{strictly 1.10.1})
          |         |         |         |         |         |         |         |    +--- androidx.compose.ui:ui-test-junit4-android:1.7.6 (requested androidx.activity:activity-compose:1.3.0) (*)
          |         |         |         |         |         |         |         |    +--- androidx.activity:activity-ktx:1.10.1
          |         |         |         |         |         |         |         |    |    +--- debugAndroidTestRuntimeClasspath (requested androidx.activity:activity-ktx:{strictly 1.10.1})
          |         |         |         |         |         |         |         |    |    +--- androidx.activity:activity:1.10.1
          |         |         |         |         |         |         |         |    |    |    +--- debugAndroidTestRuntimeClasspath (requested androidx.activity:activity:{strictly 1.10.1})
          |         |         |         |         |         |         |         |    |    |    +--- androidx.compose.ui:ui-test-junit4-android:1.7.6 (requested androidx.activity:activity:1.2.1) (*)
          |         |         |         |         |         |         |         |    |    |    +--- androidx.activity:activity-ktx:1.10.1 (*)
          |         |         |         |         |         |         |         |    |    |    \--- androidx.activity:activity-compose:1.10.1 (*)
          |         |         |         |         |         |         |         |    |    +--- androidx.activity:activity-compose:1.10.1 (*)
          |         |         |         |         |         |         |         |    |    \--- androidx.compose.ui:ui-android:1.7.6 (requested androidx.activity:activity-ktx:1.7.0) (*)
          |         |         |         |         |         |         |         |    +--- androidx.activity:activity:1.10.1 (*)
          |         |         |         |         |         |         |         |    \--- androidx.compose.ui:ui-test-android:1.7.6 (requested androidx.activity:activity-compose:1.3.0) (*)
          |         |         |         |         |         |         |         +--- androidx.compose.ui:ui-geometry-android:1.7.6 (*)
          |         |         |         |         |         |         |         +--- androidx.compose.ui:ui-util-android:1.7.6 (*)
          |         |         |         |         |         |         |         +--- androidx.compose.ui:ui-unit-android:1.7.6 (*)
          |         |         |         |         |         |         |         +--- androidx.compose.ui:ui-text-android:1.7.6 (*)
          |         |         |         |         |         |         |         +--- androidx.compose.ui:ui-graphics-android:1.7.6 (*)
          |         |         |         |         |         |         |         \--- androidx.compose.ui:ui-test-android:1.7.6 (*)
          |         |         |         |         |         |         \--- androidx.compose.ui:ui-test-android:1.7.6 (*)
          |         |         |         |         |         +--- androidx.compose.ui:ui-android:1.7.6 (*)
          |         |         |         |         |         \--- androidx.compose.ui:ui-test-android:1.7.6 (*)
          |         |         |         |         +--- androidx.compose.ui:ui-graphics-android:1.7.6 (*)
          |         |         |         |         +--- androidx.compose.ui:ui-android:1.7.6 (*)
          |         |         |         |         \--- androidx.compose.ui:ui-test-android:1.7.6 (*)
          |         |         |         +--- androidx.compose.ui:ui-text-android:1.7.6 (*)
          |         |         |         +--- androidx.compose.ui:ui-graphics-android:1.7.6 (*)
          |         |         |         +--- androidx.compose.ui:ui-android:1.7.6 (*)
          |         |         |         \--- androidx.compose.ui:ui-test-android:1.7.6 (*)
          |         |         +--- androidx.compose.ui:ui-unit-android:1.7.6 (*)
          |         |         +--- androidx.compose.ui:ui-text-android:1.7.6 (*)
          |         |         +--- androidx.compose.ui:ui-graphics-android:1.7.6 (*)
          |         |         +--- androidx.compose.ui:ui-android:1.7.6 (*)
          |         |         \--- androidx.compose.ui:ui-test-android:1.7.6 (*)
          |         +--- androidx.compose.ui:ui-util-android:1.7.6 (*)
          |         +--- androidx.compose.ui:ui-unit-android:1.7.6 (*)
          |         +--- androidx.compose.ui:ui-text-android:1.7.6 (*)
          |         +--- androidx.compose.ui:ui-graphics-android:1.7.6 (*)
          |         +--- androidx.compose.ui:ui-android:1.7.6 (*)
          |         \--- androidx.compose.ui:ui-test-android:1.7.6 (*)
          +--- androidx.compose.ui:ui-geometry-android:1.7.6 (*)
          +--- androidx.compose.ui:ui-util-android:1.7.6 (*)
          +--- androidx.compose.ui:ui-unit-android:1.7.6 (*)
          +--- androidx.compose.ui:ui-text-android:1.7.6 (*)
          +--- androidx.compose.ui:ui-graphics-android:1.7.6 (*)
          \--- androidx.compose.ui:ui-android:1.7.6 (*)

(*) - Indicates repeated occurrences of a transitive dependency subtree. Gradle expands transitive dependency subtrees only once per project; repeat occurrences only display the root of the subtree, followed by this annotation.

A web-based, searchable dependency report is available by adding the --scan option.

BUILD SUCCESSFUL in 2s
1 actionable task: 1 executed
