--------- beginning of main
09-22 09:04:52.272  6194  6194 I CameraAlarm: NOTIFICATION_RECEIVED: pkg=com.personal.fakecamera id=1001
09-22 09:04:52.272  6194  6194 I CameraAlarm: NOTIFICATION_RECEIVED token=7735fee2-9b9b-4ea0-b77a-64f0088cdd40 epoch_ms=1790042692272 elapsed_ms=599769 session=84e023cc-edb6-472d-96ae-d0d01d4eaf0c deadline_ms=null delay_ms=null overdue_ms=null package=com.personal.fakecamera id=1001
09-22 09:04:52.308  6194  6367 I CameraAlarm: TRIGGER_MATCHED token=7735fee2-9b9b-4ea0-b77a-64f0088cdd40 epoch_ms=1790042692308 elapsed_ms=599805 session=84e023cc-edb6-472d-96ae-d0d01d4eaf0c deadline_ms=null delay_ms=null overdue_ms=null rule=reboot-e2e package=com.personal.fakecamera
09-22 09:04:52.579  6194  6221 I CameraAlarm: ALARM_PENDING_CREATED token=7735fee2-9b9b-4ea0-b77a-64f0088cdd40 epoch_ms=1790042692579 elapsed_ms=600076 session=84e023cc-edb6-472d-96ae-d0d01d4eaf0c deadline_ms=1790042695310 delay_ms=3000 overdue_ms=0 attempt=0
09-22 09:04:52.606  6194  6221 I CameraAlarm: OS_ALARM_REGISTERED token=7735fee2-9b9b-4ea0-b77a-64f0088cdd40 epoch_ms=1790042692606 elapsed_ms=600103 session=84e023cc-edb6-472d-96ae-d0d01d4eaf0c deadline_ms=null delay_ms=null overdue_ms=null deadline_ms=1790042695310 mode=alarm_clock
09-22 09:04:52.606  6194  6221 I CameraAlarm: EXACT_ALARM_SCHEDULED token=7735fee2-9b9b-4ea0-b77a-64f0088cdd40 epoch_ms=1790042692606 elapsed_ms=600103 session=84e023cc-edb6-472d-96ae-d0d01d4eaf0c deadline_ms=1790042695310 delay_ms=3000 overdue_ms=0 attempt=0
09-22 09:04:57.607  6194  6194 I CameraAlarm: ALARM_RECEIVER_ENTRY token=7735fee2-9b9b-4ea0-b77a-64f0088cdd40 epoch_ms=1790042697607 elapsed_ms=605104 session=84e023cc-edb6-472d-96ae-d0d01d4eaf0c deadline_ms=null delay_ms=null overdue_ms=null elapsed_ms=605104
09-22 09:04:57.623  6194  6693 I CameraAlarm: ALARM_RECEIVER_FIRED token=7735fee2-9b9b-4ea0-b77a-64f0088cdd40 epoch_ms=1790042697623 elapsed_ms=605120 session=84e023cc-edb6-472d-96ae-d0d01d4eaf0c deadline_ms=1790042695310 delay_ms=3000 overdue_ms=2313 attempt=0
09-22 09:04:57.642  6194  6221 I CameraAlarm: RINGING token=7735fee2-9b9b-4ea0-b77a-64f0088cdd40 epoch_ms=1790042697642 elapsed_ms=605139 session=84e023cc-edb6-472d-96ae-d0d01d4eaf0c deadline_ms=1790042695310 delay_ms=3000 overdue_ms=2332 attempt=0
09-22 09:04:57.656  6194  6221 I CameraAlarm: SERVICE_REQUESTED token=7735fee2-9b9b-4ea0-b77a-64f0088cdd40 epoch_ms=1790042697656 elapsed_ms=605153 session=84e023cc-edb6-472d-96ae-d0d01d4eaf0c deadline_ms=1790042695310 delay_ms=3000 overdue_ms=2346 
09-22 09:04:57.671  6194  6194 I CameraAlarm: FOREGROUND_SERVICE_STARTED: token=7735fee2-9b9b-4ea0-b77a-64f0088cdd40
09-22 09:04:57.671  6194  6194 I CameraAlarm: FOREGROUND_SERVICE_STARTED token=7735fee2-9b9b-4ea0-b77a-64f0088cdd40 epoch_ms=1790042697671 elapsed_ms=605168 session=84e023cc-edb6-472d-96ae-d0d01d4eaf0c deadline_ms=1790042695310 delay_ms=3000 overdue_ms=2361 
09-22 09:04:57.684  6194  6194 I CameraAlarm: ALARM_TIMING foreground_ms=21 token=7735fee2-9b9b-4ea0-b77a-64f0088cdd40
09-22 09:04:57.726  6194  6194 I CameraAlarm: AUDIO_STARTED: key=alarm_warning_aloud resId=2131296260
09-22 09:04:57.726  6194  6194 I CameraAlarm: AUDIO_STARTED: token=7735fee2-9b9b-4ea0-b77a-64f0088cdd40
09-22 09:04:57.731  6194  6194 I CameraAlarm: AUDIO_STARTED token=7735fee2-9b9b-4ea0-b77a-64f0088cdd40 epoch_ms=1790042697731 elapsed_ms=605228 session=84e023cc-edb6-472d-96ae-d0d01d4eaf0c deadline_ms=1790042695310 delay_ms=3000 overdue_ms=2421 
09-22 09:04:57.732  6194  6194 I CameraAlarm: ALARM_TIMING runtime_started_ms=69 token=7735fee2-9b9b-4ea0-b77a-64f0088cdd40
09-22 09:04:57.901  6194  6194 I CameraAlarm: NOTIFICATION_RECEIVED: pkg=com.personal.cameraalarm id=1
09-22 09:04:57.902  6194  6194 I CameraAlarm: NOTIFICATION_RECEIVED token=d2cd4bf0-b854-4793-a1bd-5cfddeeb25a0 epoch_ms=1790042697902 elapsed_ms=605398 session=84e023cc-edb6-472d-96ae-d0d01d4eaf0c deadline_ms=null delay_ms=null overdue_ms=null package=com.personal.cameraalarm id=1
09-22 09:05:27.503  6194  6194 I CameraAlarm: ALARMACTIVITY_CREATED: token=7735fee2-9b9b-4ea0-b77a-64f0088cdd40
09-22 09:05:27.874  6194  6194 I CameraAlarm: STOP_RECEIVER_FIRED: token=7735fee2-9b9b-4ea0-b77a-64f0088cdd40
09-22 09:05:47.192  6194  6194 I CameraAlarm: NOTIFICATION_RECEIVED: pkg=com.personal.fakecamera id=1002
09-22 09:05:47.194  6194  6194 I CameraAlarm: NOTIFICATION_RECEIVED token=02d8b905-ff5c-4e3a-80bd-af90e5a682f2 epoch_ms=1790042747193 elapsed_ms=654690 session=84e023cc-edb6-472d-96ae-d0d01d4eaf0c deadline_ms=null delay_ms=null overdue_ms=null package=com.personal.fakecamera id=1002
09-22 09:05:47.300  6194  6221 I CameraAlarm: TRIGGER_MATCHED token=02d8b905-ff5c-4e3a-80bd-af90e5a682f2 epoch_ms=1790042747300 elapsed_ms=654797 session=84e023cc-edb6-472d-96ae-d0d01d4eaf0c deadline_ms=null delay_ms=null overdue_ms=null rule=reboot-e2e package=com.personal.fakecamera
09-22 09:05:47.396  6194  6367 I CameraAlarm: ALARM_PENDING_CREATED token=02d8b905-ff5c-4e3a-80bd-af90e5a682f2 epoch_ms=1790042747396 elapsed_ms=654893 session=84e023cc-edb6-472d-96ae-d0d01d4eaf0c deadline_ms=1790042750340 delay_ms=3000 overdue_ms=0 attempt=0
09-22 09:05:47.411  6194  6367 I CameraAlarm: OS_ALARM_REGISTERED token=02d8b905-ff5c-4e3a-80bd-af90e5a682f2 epoch_ms=1790042747411 elapsed_ms=654908 session=84e023cc-edb6-472d-96ae-d0d01d4eaf0c deadline_ms=null delay_ms=null overdue_ms=null deadline_ms=1790042750340 mode=alarm_clock
09-22 09:05:47.411  6194  6367 I CameraAlarm: EXACT_ALARM_SCHEDULED token=02d8b905-ff5c-4e3a-80bd-af90e5a682f2 epoch_ms=1790042747411 elapsed_ms=654908 session=84e023cc-edb6-472d-96ae-d0d01d4eaf0c deadline_ms=1790042750340 delay_ms=3000 overdue_ms=0 attempt=0
09-22 09:05:47.467  6194  6194 I CameraAlarm: NOTIFICATION_RECEIVED: pkg=com.personal.fakecamera id=0
09-22 09:05:47.467  6194  6194 I CameraAlarm: NOTIFICATION_RECEIVED token=7255b51e-95aa-41d9-a54a-5aa44a6635b2 epoch_ms=1790042747467 elapsed_ms=654964 session=84e023cc-edb6-472d-96ae-d0d01d4eaf0c deadline_ms=null delay_ms=null overdue_ms=null package=com.personal.fakecamera id=0
09-22 09:05:52.413  6194  6194 I CameraAlarm: ALARM_RECEIVER_ENTRY token=02d8b905-ff5c-4e3a-80bd-af90e5a682f2 epoch_ms=1790042752413 elapsed_ms=659910 session=84e023cc-edb6-472d-96ae-d0d01d4eaf0c deadline_ms=null delay_ms=null overdue_ms=null elapsed_ms=659910
09-22 09:05:52.422  6194  6221 I CameraAlarm: ALARM_RECEIVER_FIRED token=02d8b905-ff5c-4e3a-80bd-af90e5a682f2 epoch_ms=1790042752421 elapsed_ms=659918 session=84e023cc-edb6-472d-96ae-d0d01d4eaf0c deadline_ms=1790042750340 delay_ms=3000 overdue_ms=2081 attempt=0
09-22 09:05:52.430  6194  6221 I CameraAlarm: RINGING token=02d8b905-ff5c-4e3a-80bd-af90e5a682f2 epoch_ms=1790042752430 elapsed_ms=659927 session=84e023cc-edb6-472d-96ae-d0d01d4eaf0c deadline_ms=1790042750340 delay_ms=3000 overdue_ms=2090 attempt=0
09-22 09:05:52.440  6194  6221 I CameraAlarm: SERVICE_REQUESTED token=02d8b905-ff5c-4e3a-80bd-af90e5a682f2 epoch_ms=1790042752440 elapsed_ms=659937 session=84e023cc-edb6-472d-96ae-d0d01d4eaf0c deadline_ms=1790042750340 delay_ms=3000 overdue_ms=2100 
09-22 09:05:52.443  6194  6194 I CameraAlarm: FOREGROUND_SERVICE_STARTED: token=02d8b905-ff5c-4e3a-80bd-af90e5a682f2
09-22 09:05:52.443  6194  6194 I CameraAlarm: FOREGROUND_SERVICE_STARTED token=02d8b905-ff5c-4e3a-80bd-af90e5a682f2 epoch_ms=1790042752443 elapsed_ms=659940 session=84e023cc-edb6-472d-96ae-d0d01d4eaf0c deadline_ms=1790042750340 delay_ms=3000 overdue_ms=2103 
09-22 09:05:52.449  6194  6194 I CameraAlarm: ALARM_TIMING foreground_ms=9 token=02d8b905-ff5c-4e3a-80bd-af90e5a682f2
09-22 09:05:52.472  6194  6194 I CameraAlarm: AUDIO_STARTED: key=alarm_warning_aloud resId=2131296260
09-22 09:05:52.472  6194  6194 I CameraAlarm: AUDIO_STARTED: token=02d8b905-ff5c-4e3a-80bd-af90e5a682f2
09-22 09:05:52.474  6194  6194 I CameraAlarm: AUDIO_STARTED token=02d8b905-ff5c-4e3a-80bd-af90e5a682f2 epoch_ms=1790042752474 elapsed_ms=659971 session=84e023cc-edb6-472d-96ae-d0d01d4eaf0c deadline_ms=1790042750340 delay_ms=3000 overdue_ms=2134 
09-22 09:05:52.474  6194  6194 I CameraAlarm: ALARM_TIMING runtime_started_ms=34 token=02d8b905-ff5c-4e3a-80bd-af90e5a682f2
09-22 09:05:52.657  6194  6194 I CameraAlarm: NOTIFICATION_RECEIVED: pkg=com.personal.cameraalarm id=1
09-22 09:05:52.657  6194  6194 I CameraAlarm: NOTIFICATION_RECEIVED token=745d780c-064b-49dd-95c3-f8ed86cbd118 epoch_ms=1790042752657 elapsed_ms=660154 session=84e023cc-edb6-472d-96ae-d0d01d4eaf0c deadline_ms=null delay_ms=null overdue_ms=null package=com.personal.cameraalarm id=1
09-22 09:05:59.949  6194  6194 I CameraAlarm: STOP_RECEIVER_FIRED: token=02d8b905-ff5c-4e3a-80bd-af90e5a682f2
