> Task :app:buildKotlinToolingMetadata
> Task :app:checkKotlinGradlePluginConfigurationErrors SKIPPED
> Task :app:preBuild UP-TO-DATE
> Task :app:preReleaseBuild UP-TO-DATE
> Task :app:generateReleaseBuildConfig
> Task :app:generateReleaseResValues
> Task :app:checkReleaseAarMetadata
> Task :app:mapReleaseSourceSetPaths
> Task :app:generateReleaseResources
> Task :app:packageReleaseResources
> Task :app:createReleaseCompatibleScreenManifests
> Task :app:extractDeepLinksRelease
> Task :app:parseReleaseLocalResources
> Task :app:processReleaseMainManifest
> Task :app:processReleaseManifest
> Task :app:extractProguardFiles
> Task :app:mergeReleaseJniLibFolders
> Task :app:javaPreCompileRelease
> Task :app:processReleaseManifestForPackage
> Task :app:desugarReleaseFileDependencies
> Task :app:mergeReleaseStartupProfile
> Task :app:mergeReleaseShaders
> Task :app:compileReleaseShaders NO-SOURCE
> Task :app:generateReleaseAssets UP-TO-DATE
> Task :app:mergeReleaseArtProfile
> Task :app:mergeReleaseNativeLibs
> Task :app:mergeReleaseAssets
> Task :app:checkReleaseDuplicateClasses
> Task :app:compressReleaseAssets

> Task :app:stripReleaseDebugSymbols
Unable to strip the following libraries, packaging them as they are: libandroidx.graphics.path.so, libdatastore_shared_counter.so.

> Task :app:extractReleaseVersionControlInfo
> Task :app:extractReleaseNativeSymbolTables
> Task :app:collectReleaseDependencies
> Task :app:mergeReleaseNativeDebugMetadata NO-SOURCE
> Task :app:sdkReleaseDependencyData
> Task :app:writeReleaseAppMetadata
> Task :app:writeReleaseSigningConfigVersions
> Task :app:mergeReleaseResources
> Task :app:processReleaseResources
> Task :app:optimizeReleaseResources
> Task :app:mergeExtDexRelease
> Task :app:kspReleaseKotlin

> Task :app:compileReleaseKotlin
w: file:///C:/Windows/Temp/camera-alarm-upgrade-0d76d41/app/src/main/java/com/personal/cameraalarm/alarm/CameraAlarmService.kt:150:37 'static field SCREEN_BRIGHT_WAKE_LOCK: Int' is deprecated. Deprecated in Java.
w: file:///C:/Windows/Temp/camera-alarm-upgrade-0d76d41/app/src/main/java/com/personal/cameraalarm/alarm/CameraAlarmService.kt:150:88 'static field ACQUIRE_CAUSES_WAKEUP: Int' is deprecated. Deprecated in Java.
w: file:///C:/Windows/Temp/camera-alarm-upgrade-0d76d41/app/src/main/java/com/personal/cameraalarm/alarm/CameraAlarmService.kt:198:14 'fun setPriority(p0: Int): Notification.Builder!' is deprecated. Deprecated in Java.
w: file:///C:/Windows/Temp/camera-alarm-upgrade-0d76d41/app/src/main/java/com/personal/cameraalarm/alarm/CameraAlarmService.kt:198:39 'static field PRIORITY_MAX: Int' is deprecated. Deprecated in Java.
w: file:///C:/Windows/Temp/camera-alarm-upgrade-0d76d41/app/src/main/java/com/personal/cameraalarm/alarm/CameraAlarmService.kt:279:57 'static field MODE_BACKGROUND_ACTIVITY_START_ALLOWED: Int' is deprecated. Deprecated in Java.
w: file:///C:/Windows/Temp/camera-alarm-upgrade-0d76d41/app/src/main/java/com/personal/cameraalarm/ui/MainActivity.kt:66:60 'constructor(p0: String!): Locale' is deprecated. Deprecated in Java.

> Task :app:compileReleaseJavaWithJavac
> Task :app:generateReleaseLintVitalReportModel
> Task :app:dexBuilderRelease
> Task :app:mergeReleaseGlobalSynthetics
> Task :app:processReleaseJavaRes
> Task :app:mergeDexRelease
> Task :app:mergeReleaseJavaResource
> Task :app:compileReleaseArtProfile
> Task :app:packageRelease
> Task :app:createReleaseApkListingFileRedirect
> Task :app:lintVitalAnalyzeRelease
> Task :app:lintVitalReportRelease
> Task :app:lintVitalRelease
> Task :app:assembleRelease

BUILD SUCCESSFUL in 1m 8s
50 actionable tasks: 50 executed
